/Users/naitikchavda/Library/Python/3.9/lib/python/site-packages/urllib3/__init__.py:35: NotOpenSSLWarning: urllib3 v2 only supports OpenSSL 1.1.1+, currently the 'ssl' module is compiled with 'LibreSSL 2.8.3'. See: https://github.com/urllib3/urllib3/issues/3020
  warnings.warn(
Loading campaigns...
  total campaigns: 819
  non-DRAFTED to sweep: 812
  [3/812] 3226524 ACTIVE     bounces=   1 blocked=   0 leads_found=   1  P0_EVNTS_Beyond26Speakers_IND_EMAIL-LI-WP-CALL_AbhimanN
  [7/812] 3226257 ACTIVE     bounces=   1 blocked=   1 leads_found=   1  P2_EVNTS_IND_EMAIL_CHRO_CONFEX_VIKAS-Sanjeeda_17_APR_NO
  [10/812] 3209242 ACTIVE     bounces=   4 blocked=   2 leads_found=   4  P1_ABM_Utilities/Energy_Africa_Mary_Roshaan_21Apr26
  [11/812] 3215843 ACTIVE     bounces=   3 blocked=   1 leads_found=   3  P2_HUNTING_CS&CX_US_EMAIL_AUSTIN
  [12/812] 3209239 PAUSED     bounces=   4 blocked=   0 leads_found=   4  P1_ABM_E-Commerce_Africa_Mary_Roshaan_21Apr26
  [13/812] 3222407 ACTIVE     bounces=   2 blocked=   2 leads_found=   2  P0_EU/UK_INBOUND_MARY_SANJEEDA_23APR
  [14/812] 3209231 ACTIVE     bounces=   1 blocked=   0 leads_found=   1  P1_ABM_Mobility_Africa_Mary_Roshaan_21Apr26
  [15/812] 3209225 PAUSED     bounces=   2 blocked=   2 leads_found=   4  P1_ABM_FMCG / DISTRIBUTION_Africa_Mary_Roshaan_21Apr26
  [16/812] 3209218 PAUSED     bounces=   2 blocked=   1 leads_found=   2  P1_ABM_TELCO/ISPs_Africa_Mary_Roshaan_21Apr26
  [18/812] 3204016 ACTIVE     bounces=   4 blocked=   2 leads_found=   4  P3_ABM_COMPASS_INDIA_EMAIL_20APR - FINAL
  [20/812] 3203488 ACTIVE     bounces=   4 blocked=   1 leads_found=   4  P3_ABM_CHRO&CPO_EMAIL_20APR - FINAL
  [22/812] 3188362 COMPLETED  bounces=   5 blocked=   4 leads_found=   5  P1_EVENTS_DURINGEVENT_US_EMAIL_naitik_16APR26P0
  [24/812] 3182374 ACTIVE     bounces=   5 blocked=   3 leads_found=   5  P3_ABM_FINTECH_LOYALIFE_21APR
  [26/812] 3185854 ACTIVE     bounces=   3 blocked=   1 leads_found=   3  P2_Prtnr_Remote_Customer_US_Yash_Amy_16Apr26
  [27/812] 3178229 ACTIVE     bounces=   1 blocked=   1 leads_found=   1  P0-C3-Empuls-Loyalty-Other-Apr2026
  [28/812] 3176662 ACTIVE     bounces=   1 blocked=   0 leads_found=   1  Netcore_Partnerships_Tech
  [29/812] 3178228 ACTIVE     bounces=   1 blocked=   1 leads_found=   1  P0-C2-Passive-New-Deals-Apr2026
  [30/812] 3178227 ACTIVE     bounces=   7 blocked=   5 leads_found=   8  P0-C1-Plum-API-Warm-Apr2026
  [31/812] 3175582 ACTIVE     bounces=   3 blocked=   0 leads_found=   3  NetCore_Partnerships_Manufacturing
  [33/812] 3175555 ACTIVE     bounces=   9 blocked=   7 leads_found=   9  Srinidhi - Plum Outreach - SMB/Mid Market
  [35/812] 3168064 ACTIVE     bounces=   2 blocked=   1 leads_found=   2  World at Work - Total Rewards- Pre Event Outreach
  [36/812] 3156872 COMPLETED  bounces=   2 blocked=   2 leads_found=   2  Total Rewards'26 San Antonio
  [37/812] 3152780 COMPLETED  bounces=   2 blocked=   2 leads_found=   2  SAP - Customers - US - Amy - Partnership
  [38/812] 3168660 PAUSED     bounces=   6 blocked=   4 leads_found=   6  Self Track - Accounts > 500 employees (HRs)
  [40/812] 3151695 PAUSED     bounces=  11 blocked=   0 leads_found=   7  Pre event - Quirk
  [41/812] 3151226 ACTIVE     bounces=   2 blocked=   1 leads_found=   2  Tier - 2 Kimberly Empuls Dream 2026 (Influencer)
  [42/812] 3144691 COMPLETED  bounces=   1 blocked=   1 leads_found=   1  CHRO CONFEX & AWARDS 2026
  [44/812] 3139058 COMPLETED  bounces=   2 blocked=   2 leads_found=   2  CAM_Global_Clay_HG>20%_ES>200_ABM0.1
  [45/812] 3146774 ACTIVE     bounces=  12 blocked=   6 leads_found=  11  Carrots and Stakes - San Diego (30th April)
  [46/812] 3138799 COMPLETED  bounces=   7 blocked=   2 leads_found=   7  Pre-Event Outreach – Transformational CHRO Denver
  [47/812] 3155581 ACTIVE     bounces=   4 blocked=   3 leads_found=   5  P0_Event_CarrotAndStakes_Seattle_Email_ShameelRakesh_24
  [48/812] 3119941 ACTIVE     bounces=   2 blocked=   6 leads_found=   7  EU/UK Campaign Mary - (inbound)
  [50/812] 3081858 PAUSED     bounces=   0 blocked=   0 leads_found=   0  UKG Partnership Outreach - Amy (Americas)
  [51/812] 3104056 COMPLETED  bounces=   1 blocked=   1 leads_found=   1  Fintech_Meetup_Shameel
  [53/812] 3092337 PAUSED     bounces=   1 blocked=   1 leads_found=   2  Carrots and Stakes - San Diego (Shameel) 
  [54/812] 3055137 COMPLETED  bounces=   1 blocked=   1 leads_found=   1  Middle East Tragedy Outreach - BATCH 3
  [55/812] 3077668 PAUSED     bounces=  11 blocked=   1 leads_found=  10  SAP SF REPS (Americas) - Amy
  [56/812] 3055124 COMPLETED  bounces=   5 blocked=   2 leads_found=   5  Middle East Tragedy Outreach - BATCH 2
  [59/812] 3054079 COMPLETED  bounces=   0 blocked=   1 leads_found=   1  WellXAI 7-day free trial offer - Middle East - BATCH 2
  [62/812] 3054938 COMPLETED  bounces=  12 blocked=   4 leads_found=  12  Middle East Tragedy Outreach
  [63/812] 3054035 COMPLETED  bounces=   6 blocked=   1 leads_found=   7  WellXAI 7-day free trial offer - Middle East - BATCH 1
  [73/812] 3015489 PAUSED     bounces=   1 blocked=   0 leads_found=   1  Manufacturing Channel Incentives - BATCH 2
  [74/812] 3015392 PAUSED     bounces=   3 blocked=   1 leads_found=   4  Manufacturing Channel Incentives - BATCH 1
  [75/812] 3015294 PAUSED     bounces=   3 blocked=   2 leads_found=   3  FMCG and CPG, Channel Incentives - 2026
  [76/812] 3003463 COMPLETED  bounces=   2 blocked=   0 leads_found=   2  FMCD and Electronics; Channel Incentives:
  [79/812] 3003048 PAUSED     bounces=   5 blocked=   2 leads_found=   6  India Sales &trade marketing - exisiting solution - BAT
  [84/812] 2998524 COMPLETED  bounces=   1 blocked=   0 leads_found=   1  Already using a Solution- HR profiles -INDONESIA- BATCH
  [89/812] 3020820 PAUSED     bounces=  34 blocked=  12 leads_found=  41  US CHRO - BATCH 1
  [90/812] 2998176 PAUSED     bounces=   3 blocked=   1 leads_found=   3  Already using a Solution- HR profiles -AFRICA - BATCH 3
  [91/812] 2998168 PAUSED     bounces=   6 blocked=   2 leads_found=   6  Already using a Solution- HR profiles -AFRICA - BATCH 2
  [93/812] 2998133 COMPLETED  bounces=   1 blocked=   1 leads_found=   1  Already using a Solution- HR profiles - INDIA - BATCH 3
  [94/812] 2998129 COMPLETED  bounces=   2 blocked=   1 leads_found=   2  Already using a Solution- HR profiles - INDIA - BATCH 2
  [95/812] 2998153 PAUSED     bounces=   7 blocked=   2 leads_found=   7  Already using a Solution- HR profiles -AFRICA - BATCH 1
  [100/812] 2968588 PAUSED     bounces=   0 blocked=   0 leads_found=   0  Moe-Engage -ROW - (Batch2)
  [106/812] 2964135 COMPLETED  bounces=   1 blocked=   1 leads_found=   1  Moe-Engage -ROW - (Batch 1)
  [108/812] 2997892 PAUSED     bounces=  18 blocked=   6 leads_found=  19  Already using a Solution- HR profiles - INDIA - BATCH 1
  [117/812] 2960701 STOPPED    bounces=   1 blocked=   1 leads_found=   1  Airlines API (2026) - USA - BATCH 3
  [119/812] 2960490 COMPLETED  bounces=   1 blocked=   0 leads_found=   1  Airlines API (2026) - USA - BATCH 1 
  [121/812] 2960452 COMPLETED  bounces=   1 blocked=   0 leads_found=   1  Airlines API (2026) -India - BATCH 3 
  [122/812] 2948337 PAUSED     bounces=   2 blocked=   5 leads_found=   5  ET Nextech Gurugram 
  [124/812] 2960419 COMPLETED  bounces=   1 blocked=   0 leads_found=   1  Airlines API (2026) -India - BATCH 1
  [126/812] 2946557 COMPLETED  bounces=   4 blocked=   2 leads_found=   4  Airlines - Plum API (2026) - Africa - BATCH 3
  [127/812] 2946553 COMPLETED  bounces=   1 blocked=   1 leads_found=   1  Airlines - Plum API (2026) - Africa - BATCH 2
  [132/812] 2942955 STOPPED    bounces=   7 blocked=   3 leads_found=   7  Airlines - Plum API (2026) - Africa - BATCH 1
  [134/812] 2934252 COMPLETED  bounces=   1 blocked=   0 leads_found=   1  SAP direct Customers - BATCH 4
  [135/812] 2934245 COMPLETED  bounces=   2 blocked=   1 leads_found=   2  SAP direct Customers - BATCH 3
  [136/812] 2934230 COMPLETED  bounces=   2 blocked=   1 leads_found=   2  SAP direct Customers - BATCH 2
  [141/812] 2933872 COMPLETED  bounces=   1 blocked=   0 leads_found=   2  SAP direct Customers - BATCH 1
  [146/812] 2924933 STOPPED    bounces=   1 blocked=   0 leads_found=   1  GCC Ramadan Enriched batch 2 - copy
  [147/812] 2925048 STOPPED    bounces=   5 blocked=   2 leads_found=   5  KSA Ramadan Enriched - Batch 2 - copy
  [148/812] 2925007 STOPPED    bounces=  13 blocked=   8 leads_found=  14  KSA Ramadan Enriched - Batch 1 - copy
  [149/812] 2920943 COMPLETED  bounces=   1 blocked=   0 leads_found=   1  Recent Funding - Philippines
  [150/812] 2920921 PAUSED     bounces=   0 blocked=   0 leads_found=   0  Recent Funding - Africa
  [157/812] 2924898 STOPPED    bounces=  12 blocked=   5 leads_found=  14  GCC Ramadan Enriched batch 1 - copy
  [162/812] 2908199 PAUSED     bounces=   1 blocked=   0 leads_found=   1  Salesforce LI - Americas Batch 2 (Shafia)
  [165/812] 2902983 COMPLETED  bounces=   2 blocked=   1 leads_found=   2  Indonesia Ramadan Batch 3
  [166/812] 2902970 COMPLETED  bounces=   1 blocked=   0 leads_found=   1  Indonesia Ramadan Batch 2
  [168/812] 2902417 COMPLETED  bounces=   1 blocked=   1 leads_found=   2  KSA Ramadan Enriched - Batch 3 - copy
  [169/812] 2902334 COMPLETED  bounces=   1 blocked=   1 leads_found=   1  GCC Ramadan Enriched batch 3 - copy
  [174/812] 2901961 PAUSED     bounces=   6 blocked=   5 leads_found=   6  Indonesia Ramadan Batch 1
  [175/812] 2893791 PAUSED     bounces=   2 blocked=   1 leads_found=   2  KSA HR and Procurement Batch 2
  [176/812] 2893606 COMPLETED  bounces=   1 blocked=   1 leads_found=   1  GCC HR and Procurement Batch 5
  [179/812] 2893785 COMPLETED  bounces=  10 blocked=   2 leads_found=  11  KSA HR and Procurement Batch 1 
  [180/812] 2893578 PAUSED     bounces=   6 blocked=   3 leads_found=   6  GCC HR and Procurement Batch 2
  [183/812] 2888672 PAUSED     bounces=   2 blocked=   2 leads_found=   2  Series C Funding - Partners - Americas
  [185/812] 2887630 PAUSED     bounces=   1 blocked=   1 leads_found=   1  Events 2025 - India - batch 1 (apollo format)
  [186/812] 2887139 COMPLETED  bounces=   3 blocked=   2 leads_found=   4  Series C Funding - Existing Clients - India batch 3
  [187/812] 2868647 COMPLETED  bounces=   2 blocked=   0 leads_found=   2  Series C Funding - Existing Clients - ROW - batch 2
  [188/812] 2868654 COMPLETED  bounces=  13 blocked=  10 leads_found=  14  Series C Funding - Existing Clients - India - batch 2
  [189/812] 2893413 STOPPED    bounces=  15 blocked=   7 leads_found=  17  GCC HR and Procurement Batch 1
  [191/812] 2857052 COMPLETED  bounces=   2 blocked=   3 leads_found=   4  Series C Funding - Existing Clients - ROW
  [192/812] 2866893 COMPLETED  bounces=   7 blocked=  14 leads_found=  16  Series C Funding - Existing Clients - India
  [193/812] 2852312 PAUSED     bounces=   2 blocked=   2 leads_found=   3  GCC CAM
  [195/812] 2838985 PAUSED     bounces=   1 blocked=   3 leads_found=   3  GCC - New Year Campaign- Fresh Start 
  [196/812] 2836192 COMPLETED  bounces=  16 blocked=  10 leads_found=  16  Phillipines - New Year Campaign- Fresh Start 
  [197/812] 2836163 COMPLETED  bounces=   9 blocked=   6 leads_found=  10  Indonesia - New Year Campaign- Fresh Start - copy
  [200/812] 2815044 COMPLETED  bounces=   1 blocked=   4 leads_found=   4  Test 3 2026 
  [201/812] 2815039 COMPLETED  bounces=   1 blocked=   5 leads_found=   5  Test 2 2026
  [202/812] 2815034 COMPLETED  bounces=   1 blocked=   4 leads_found=   4  Test 1 2026
  [204/812] 2835369 PAUSED     bounces=  40 blocked=  46 leads_found=  50  India - New Year Campaign- Fresh Start
  [205/812] 2776205 COMPLETED  bounces=   7 blocked=   3 leads_found=   7  Procurement Last Minute Festive Gifting - Batch 2
  [206/812] 2779977 COMPLETED  bounces=  26 blocked=  13 leads_found=  27  Dead accounts Labour Law Campaign - HR
  [207/812] 2776196 COMPLETED  bounces=  24 blocked=   9 leads_found=  23  Procurement Last Minute Festive Gifting - Batch 1
  [208/812] 2772389 COMPLETED  bounces=   7 blocked=   3 leads_found=   7  Festive Gifting HR India Q4
  [210/812] 2766051 COMPLETED  bounces=  45 blocked=  14 leads_found=  50  Festive Gifting HR GCC
  [211/812] 2839064 PAUSED     bounces=  64 blocked=  59 leads_found=  80  USA - New Year Campaign- Fresh Start  - copy
  [212/812] 2765992 COMPLETED  bounces=  43 blocked=   1 leads_found=  43  Festive Gifting HR US Q1
  [213/812] 2765271 COMPLETED  bounces=  23 blocked=   6 leads_found=  23  Events Data 2025 Apollo format - US
  [214/812] 2765270 COMPLETED  bounces=  28 blocked=  12 leads_found=  28  Events Data 2025 Apollo format- India
  [215/812] 2765086 COMPLETED  bounces=  33 blocked=  17 leads_found=  34  Events standard format Data - India
  [216/812] 2765085 COMPLETED  bounces=  10 blocked=   6 leads_found=  10  Events standard format Data - US
  [217/812] 2766020 COMPLETED  bounces= 130 blocked=  16 leads_found= 130  Festive Gifting HR US Q2 & Q3
  [219/812] 2762852 COMPLETED  bounces= 130 blocked=  64 leads_found= 132   -Labour Law campaign CSV-2 
  [223/812] 2752096 COMPLETED  bounces=   8 blocked=   2 leads_found=   4  Salesforce SIs - PST
  [224/812] 2752108 COMPLETED  bounces=  25 blocked=   6 leads_found=  16  Salesforce SIs - ROW
  [225/812] 2762811 COMPLETED  bounces= 197 blocked= 106 leads_found= 200   -Labour Law campaign CSV-1
  [226/812] 2752087 COMPLETED  bounces=  22 blocked=   4 leads_found=  11  Salesforce SIs - EST
  [228/812] 2752065 COMPLETED  bounces=  24 blocked=   4 leads_found=   9  Salesforce SIs - CST
  [229/812] 2745843 COMPLETED  bounces=   3 blocked=   2 leads_found=   3  Visiting Cards Manoj
  [230/812] 2745953 PAUSED     bounces=  33 blocked=  34 leads_found=  46  90-180 days activity Kushal
  [231/812] 2743025 COMPLETED  bounces=  32 blocked=  18 leads_found=  23  SAP SIs Campaign
  [232/812] 2743002 COMPLETED  bounces=   7 blocked=   1 leads_found=   7  SAP AEs Campaign
  [233/812] 2745973 PAUSED     bounces=  47 blocked=  70 leads_found=  86  180-360 days activity Kushal
  [235/812] 2737998 COMPLETED  bounces=  87 blocked=  41 leads_found=  93  Year End HR - South Africa Q2 & Q3
  [236/812] 2742990 COMPLETED  bounces=  57 blocked=  16 leads_found=  60  SAP DC Campaign
  [237/812] 2737893 COMPLETED  bounces=   1 blocked=   0 leads_found=   1  Year End HR - India Q1
  [238/812] 2737901 COMPLETED  bounces= 266 blocked= 127 leads_found= 276  Year End HR - India Q2 & Q3
  [239/812] 2705963 PAUSED     bounces= 253 blocked= 332 leads_found= 377  360 days activity data - Kushal
  [240/812] 2737743 COMPLETED  bounces= 173 blocked= 106 leads_found= 186  Year End HR - US Q2 & Q3
  [241/812] 2697705 COMPLETED  bounces=  48 blocked=  27 leads_found=  49  Year End Campaign US - HR Q1
  [242/812] 2652993 COMPLETED  bounces= 228 blocked=  50 leads_found= 100  Contacts who were involved in the Deals - 2nd cycle
  [245/812] 2631312 COMPLETED  bounces=   4 blocked=   3 leads_found=   4  Job change Nov 2025 - KSA
  [246/812] 2631318 COMPLETED  bounces=  11 blocked=   2 leads_found=  11  Job change Nov 2025 - South Africa
  [247/812] 2631301 COMPLETED  bounces=   3 blocked=   1 leads_found=   3  Job change Nov 2025 - ROW
  [248/812] 2631304 COMPLETED  bounces=   3 blocked=   2 leads_found=   5  Job change Nov 2025 - GCC
  [250/812] 2631294 COMPLETED  bounces=   4 blocked=   3 leads_found=   5  Job change Nov 2025 - SEA
  [251/812] 2626131 COMPLETED  bounces=   1 blocked=   2 leads_found=   2  5k+ below $500 data Batch 10
  [252/812] 2626128 COMPLETED  bounces=   2 blocked=   1 leads_found=   3  5k+ below $500 data Batch 9
  [253/812] 2626124 COMPLETED  bounces=   4 blocked=   3 leads_found=   4  5k+ below $500 data Batch 8
  [254/812] 2626105 COMPLETED  bounces=   1 blocked=   1 leads_found=   1  500 to 5k below $500 data Batch 11
  [255/812] 2626099 COMPLETED  bounces=   2 blocked=   1 leads_found=   2  500 to 5k below $500 data Batch 10
  [256/812] 2626097 COMPLETED  bounces=   2 blocked=   3 leads_found=   3  500 to 5k below $500 data Batch 9
  [257/812] 2626118 COMPLETED  bounces=   0 blocked=   1 leads_found=   1  5k+ below $500 data Batch 7
  [258/812] 2626093 COMPLETED  bounces=   1 blocked=   1 leads_found=   1  500 to 5k below $500 data Batch 8
  [259/812] 2626086 COMPLETED  bounces=   2 blocked=   2 leads_found=   3  500 to 5k below $500 data Batch 7
  [260/812] 2626062 COMPLETED  bounces=   0 blocked=   2 leads_found=   2  500 below and below $500 data - Batch 11
  [261/812] 2626058 COMPLETED  bounces=   1 blocked=   1 leads_found=   1  500 below and below $500 data - Batch 10
  [262/812] 2626054 COMPLETED  bounces=   0 blocked=   1 leads_found=   1  500 below and below $500 data - Batch 9
  [264/812] 2626045 COMPLETED  bounces=   2 blocked=   4 leads_found=   4  500 below and below $500 data - Batch 8
  [265/812] 2607785 COMPLETED  bounces=   1 blocked=   1 leads_found=   1  Christmas Reachout Procurement - Indonesia Data
  [266/812] 2607780 COMPLETED  bounces=   4 blocked=   4 leads_found=   4  Christmas Reachout Procurement - Philippines Data
  [267/812] 2607156 COMPLETED  bounces=  26 blocked=  11 leads_found=  26  Christmas Reachout For Philippines Region - Job Change 
  [268/812] 2607157 COMPLETED  bounces= 105 blocked=  66 leads_found= 105  Christmas Reachout For Philippines Region - Job Change 
  [269/812] 2607153 COMPLETED  bounces=  46 blocked=  22 leads_found=  49  Christmas Reachout For Indonesia Region - Job Change da
  [270/812] 2599799 COMPLETED  bounces=   2 blocked=   0 leads_found=   2  Africa CAM Accounts - Roshaan- Sales & Marketing 3rd cy
  [272/812] 2607154 COMPLETED  bounces= 168 blocked= 118 leads_found= 168  Christmas Reachout For Indonesia Region - Job Change da
  [273/812] 2599490 COMPLETED  bounces=  48 blocked=  25 leads_found=  58  Job change Africa - 23.10.2025 - HR
  [274/812] 2599497 COMPLETED  bounces= 128 blocked=  24 leads_found= 129  Job change Africa - 23.10.2025 - Sales and marketing
  [275/812] 2598927 COMPLETED  bounces=  12 blocked=  10 leads_found=  12  Christmas Reachout For Indonesia Region
  [276/812] 2599301 COMPLETED  bounces=  16 blocked=  10 leads_found=  17  Airline data Africa 2nd cycle
  [277/812] 2573665 COMPLETED  bounces=   2 blocked=   3 leads_found=   3  5k+ below $500 data Batch 5
  [278/812] 2573668 COMPLETED  bounces=   3 blocked=   4 leads_found=   4  5k+ below $500 data Batch 6
  [279/812] 2573660 COMPLETED  bounces=   4 blocked=   4 leads_found=   4  5k+ below $500 data Batch 3
  [280/812] 2700732 COMPLETED  bounces= 397 blocked= 232 leads_found= 362  Nikunj's US Nurture Campaign  - US
  [281/812] 2573662 COMPLETED  bounces=   5 blocked=   4 leads_found=   5  5k+ below $500 data Batch 4
  [282/812] 2573643 COMPLETED  bounces=   3 blocked=   3 leads_found=   3  5k+ below $500 data Batch 2
  [283/812] 2573636 COMPLETED  bounces=   4 blocked=   3 leads_found=   3  5k+ below $500 data Batch 1
  [284/812] 2573624 COMPLETED  bounces=   1 blocked=   1 leads_found=   1  500 to 5k below $500 data Batch 6
  [285/812] 2573621 COMPLETED  bounces=   2 blocked=   1 leads_found=   2  500 to 5k below $500 data Batch 5
  [288/812] 2573618 COMPLETED  bounces=   1 blocked=   2 leads_found=   2  500 to 5k below $500 data Batch 4
  [289/812] 2573593 COMPLETED  bounces=   2 blocked=   1 leads_found=   2  500 to 5k below $500 data Batch 1
  [290/812] 2573582 COMPLETED  bounces=   1 blocked=   3 leads_found=   3  500 below and below $500 data - Batch 6
  [291/812] 2573571 COMPLETED  bounces=   0 blocked=   2 leads_found=   2  500 below and below $500 data - Batch 5
  [292/812] 2573567 COMPLETED  bounces=   1 blocked=   2 leads_found=   2  500 below and below $500 data - Batch 4
  [293/812] 2573561 COMPLETED  bounces=   1 blocked=   4 leads_found=   4  500 below and below $500 data - Batch 3
  [294/812] 2573559 COMPLETED  bounces=   1 blocked=   6 leads_found=   6  500 below and below $500 data - Batch 2
  [295/812] 2559979 COMPLETED  bounces=   2 blocked=   1 leads_found=   2  Christmas Reachout For Phillipines Region - Set 2
  [296/812] 2559971 COMPLETED  bounces=   2 blocked=   1 leads_found=   2  Christmas Reachout For Phillipines Region - Set 1
  [298/812] 2551583 COMPLETED  bounces=   3 blocked=   3 leads_found=   3  ABM HS Agencies - US
  [299/812] 2548640 COMPLETED  bounces=  18 blocked=   9 leads_found=  22  Job Change GCC - HR
  [300/812] 2573030 COMPLETED  bounces=  92 blocked=  59 leads_found=  95  Last Minute Diwali Outreach - Manoj Batch 3
  [301/812] 2548435 COMPLETED  bounces=  10 blocked=   4 leads_found=   9  GCC Q2 Data 2nd cycle
  [302/812] 2548634 COMPLETED  bounces=  74 blocked=  38 leads_found=  79  Job Change GCC - Sales and marketing
  [304/812] 2547642 COMPLETED  bounces=   0 blocked=   1 leads_found=   1  Hari - HR
  [307/812] 2573395 COMPLETED  bounces=   8 blocked=  40 leads_found=  42  500 below and below $500 data - Batch 1
  [308/812] 2541297 COMPLETED  bounces=  13 blocked=   7 leads_found=  13  ruchi - Sales and marketing
  [309/812] 2541260 COMPLETED  bounces=   1 blocked=   0 leads_found=   1  IMA Summit - Event
  [310/812] 2548410 COMPLETED  bounces=  72 blocked=  42 leads_found=  82  GCC Marketing Data 2nd cycle
  [312/812] 2539778 COMPLETED  bounces=   4 blocked=   5 leads_found=   5  Jha - HR 
  [313/812] 2541107 COMPLETED  bounces=  36 blocked=  26 leads_found=  36  Quirks 2025 data - Event
  [315/812] 2539767 COMPLETED  bounces=  10 blocked=  10 leads_found=  11  Nandita - HR
  [316/812] 2539753 COMPLETED  bounces=   2 blocked=   1 leads_found=   2  Kunjal - Sales and marketing
  [317/812] 2541286 COMPLETED  bounces=  49 blocked=  36 leads_found=  50  ruchi- HR
  [319/812] 2539749 COMPLETED  bounces=   5 blocked=   3 leads_found=   6  Kunjal - HR
  [320/812] 2529650 COMPLETED  bounces=   1 blocked=   0 leads_found=   1  Jonas - HR
  [321/812] 2539737 COMPLETED  bounces=   3 blocked=   4 leads_found=   4  Sriram - HR
  [323/812] 2520497 COMPLETED  bounces=  11 blocked=   2 leads_found=  11  Gcc clients Xo
  [324/812] 2520317 COMPLETED  bounces=  69 blocked=  60 leads_found=  72  dead-account-contacts given by kushal Batch 1
  [325/812] 2516842 COMPLETED  bounces=  32 blocked=  22 leads_found=  40  Salesforce - Generic
  [327/812] 2516828 COMPLETED  bounces=   1 blocked=   0 leads_found=   1  Salesforce - HR
  [328/812] 2524300 PAUSED     bounces=  66 blocked=  45 leads_found=  72  Diwali HR data 2023 - Plum
  [329/812] 2516745 COMPLETED  bounces=   7 blocked=   2 leads_found=   7  HARJEET - Sales and marketing
  [330/812] 2524325 PAUSED     bounces= 101 blocked=  68 leads_found= 109  Diwali HR data 2023 - CEO HR
  [332/812] 2516711 COMPLETED  bounces=   2 blocked=   3 leads_found=   3  HARJEET - HR
  [333/812] 2505569 COMPLETED  bounces=   1 blocked=   1 leads_found=   1  C.A. Short Company - Sales and marketing
  [335/812] 2516676 COMPLETED  bounces=  17 blocked=   8 leads_found=  17  SAP - Sales and marketing
  [336/812] 2505561 COMPLETED  bounces=   1 blocked=   4 leads_found=   4  Ritu - HR
  [338/812] 2505550 COMPLETED  bounces=   3 blocked=   3 leads_found=   3  Babu - HR
  [339/812] 2505555 COMPLETED  bounces=   2 blocked=   4 leads_found=   4  Ritu - Sales and marketing
  [340/812] 2505441 COMPLETED  bounces=   1 blocked=   1 leads_found=   1  Ashish - Sales and marketing
  [341/812] 2503639 COMPLETED  bounces=   1 blocked=   0 leads_found=   1  GCC Events - HR
  [342/812] 2516669 COMPLETED  bounces=  52 blocked=  32 leads_found=  63  SAP Data - CEO HR
  [343/812] 2502880 COMPLETED  bounces=   2 blocked=   2 leads_found=   3  Campaign data CAM - GCC  - HR - 2nd cycle
  [345/812] 2502875 COMPLETED  bounces=   3 blocked=   2 leads_found=   4  Campaign data CAM - GCC - Sales and marketing - 2nd cyc
  [346/812] 2502866 COMPLETED  bounces=   5 blocked=   5 leads_found=   5  Campaign data CAM - GCC - FMCG - 2nd cycle
  [348/812] 2502837 COMPLETED  bounces=   3 blocked=   0 leads_found=   3  Campaign data CAM - GCC - Loyalife Marketing - 2nd cycl
  [349/812] 2502793 COMPLETED  bounces=   1 blocked=   0 leads_found=   1  Africa CAM Accounts - Roshaan Marketing - 2nd Cycle
  [350/812] 2502476 COMPLETED  bounces=   1 blocked=   1 leads_found=   1  Africa CAM Accounts - Roshaan HR - 2nd Cycle
  [351/812] 2502466 COMPLETED  bounces=   6 blocked=   4 leads_found=   8  Saudi Arabia - Ahmad - Cycle 2 - Compass
  [352/812] 2502452 COMPLETED  bounces=   6 blocked=   6 leads_found=   7  Saudi Arabia - Ahmad - Cycle 2- Loyalife
  [353/812] 2502445 COMPLETED  bounces=   2 blocked=   1 leads_found=   2  Saudi Arabia - Ahmad - Plum - Cycle 2
  [354/812] 2502017 COMPLETED  bounces=   4 blocked=   1 leads_found=   5  Ignyte Website Companies Data - India - September - 2nd
  [355/812] 2502456 COMPLETED  bounces=  41 blocked=  18 leads_found=  42  Saudi Arabia - Ahmad - Cycle 2 - Empuls
  [356/812] 2502014 COMPLETED  bounces=   8 blocked=   4 leads_found=  10  Ignyte Website Companies Data - GCC - September - 2nd c
  [357/812] 2498483 COMPLETED  bounces=   1 blocked=   0 leads_found=   1  Gautam - Sales marketing
  [358/812] 2498477 COMPLETED  bounces=   4 blocked=   4 leads_found=   4  Gautam - HR
  [359/812] 2487874 COMPLETED  bounces=   2 blocked=   1 leads_found=   1  Aquil - Sales marketing
  [360/812] 2487880 COMPLETED  bounces=  10 blocked=   3 leads_found=  11  Aquil - HR
  [361/812] 2481089 COMPLETED  bounces=  11 blocked=  16 leads_found=  20  Procurement Heads (1k+ - 5k+) - 1
  [362/812] 2480609 COMPLETED  bounces=   1 blocked=   1 leads_found=   1  Anand Pillai and atma - Sales marketing
  [363/812] 2483414 COMPLETED  bounces=  34 blocked=  18 leads_found=  31  Procurement Data above emp Size more than 3K in India
  [364/812] 2480603 COMPLETED  bounces=   5 blocked=   4 leads_found=   5  Anand Pillai and atma - HR
  [366/812] 2473076 COMPLETED  bounces=   1 blocked=   0 leads_found=   1  Aditya Sareen - HR
  [367/812] 2467297 COMPLETED  bounces=   1 blocked=   1 leads_found=   1  tapmyback data - HR
  [368/812] 2480559 COMPLETED  bounces=   8 blocked=   3 leads_found=   8  DarwinBox Client list-Aug-2025
  [369/812] 2467280 COMPLETED  bounces=   1 blocked=   1 leads_found=   1  Praisepal data - Marketing sales
  [371/812] 2460433 COMPLETED  bounces=   1 blocked=   1 leads_found=   1  Qualtrics - Marketing sales
  [372/812] 2467249 COMPLETED  bounces=   5 blocked=   6 leads_found=   8  Abhijit Bhaduri - HR
  [373/812] 2460369 COMPLETED  bounces=   1 blocked=   1 leads_found=   1  Alleo Data - HR
  [374/812] 2460395 COMPLETED  bounces=   1 blocked=   0 leads_found=   1  Qualtrics - HR
  [379/812] 2460330 COMPLETED  bounces=   0 blocked=   1 leads_found=   1  Amara Data - Marketing sales
  [380/812] 2460043 COMPLETED  bounces=   5 blocked=   2 leads_found=   6  Ignyte Website Companies Data - India - September
  [381/812] 2460037 COMPLETED  bounces=   9 blocked=   7 leads_found=  12  Ignyte Website Companies Data - GCC - September
  [382/812] 2456816 COMPLETED  bounces=  13 blocked=  12 leads_found=  15  Ashish - HR
  [384/812] 2456787 COMPLETED  bounces=   3 blocked=   0 leads_found=   2  Benefix - HR
  [386/812] 2456767 COMPLETED  bounces=   2 blocked=   1 leads_found=   1  Benepass - HR
  [393/812] 2434798 COMPLETED  bounces=   1 blocked=   0 leads_found=   1  Achievers - Marketing sales
  [395/812] 2457217 COMPLETED  bounces= 206 blocked=  87 leads_found= 154  Previous Diwali leads from Hubspot
  [396/812] 2428096 COMPLETED  bounces=   4 blocked=   2 leads_found=   4  Diwali Campaign leads, HR & Procurement- India -3
  [397/812] 2428093 COMPLETED  bounces=   1 blocked=   2 leads_found=   2  Conglomerates India 2025 -3
  [398/812] 2425624 COMPLETED  bounces=   1 blocked=   0 leads_found=   1  Oc Tanner - Marketing sales
  [399/812] 2433279 COMPLETED  bounces=  85 blocked=  81 leads_found=  91  Procurement data India
  [400/812] 2425617 COMPLETED  bounces=   2 blocked=   0 leads_found=   2  Oc Tanner - CEO HR
  [401/812] 2424489 COMPLETED  bounces=   4 blocked=   1 leads_found=   4  Conglomerates India 2025 - 2
  [402/812] 2424477 COMPLETED  bounces=  26 blocked=  10 leads_found=  26  Diwali Campaign leads, HR & Procurement- India - 2
  [403/812] 2418700 COMPLETED  bounces=   8 blocked=   8 leads_found=  11  SEA CAM BFSI
  [404/812] 2419026 COMPLETED  bounces= 223 blocked= 200 leads_found= 248  Contacts who were involved in the Deals
  [405/812] 2415646 COMPLETED  bounces=   5 blocked=   6 leads_found=   7  Conglomerates India 2025 - 1
  [406/812] 2414962 COMPLETED  bounces=   1 blocked=   0 leads_found=   1  Awardco - Marketing sales
  [407/812] 2414942 COMPLETED  bounces=   3 blocked=   2 leads_found=   2  Awardco - HR
  [409/812] 2414311 COMPLETED  bounces=   1 blocked=   0 leads_found=   1  SEA CAM List - Set 2 - Building materials
  [410/812] 2484451 COMPLETED  bounces= 822 blocked= 637 leads_found= 743  dead-account-contacts-and-act - Product mentioned
  [412/812] 2414306 COMPLETED  bounces=   3 blocked=   1 leads_found=   3  SEA CAM List - Set 2 - FMCG
  [413/812] 2415157 COMPLETED  bounces= 117 blocked=  64 leads_found= 121  Diwali Campaign leads, HR & Procurement- India - 1
  [414/812] 2414258 COMPLETED  bounces=   2 blocked=   3 leads_found=   3  Ankit bajaj campaign - Diwali - Remaining batch
  [415/812] 2414303 COMPLETED  bounces=   2 blocked=   1 leads_found=   2  SEA CAM List - Set 2 - HR
  [421/812] 2414150 COMPLETED  bounces=   1 blocked=   0 leads_found=   1  Kassandra - HR
  [426/812] 2409119 COMPLETED  bounces=   1 blocked=   1 leads_found=   1  Ankit bajaj campaign - Diwali - 8
  [428/812] 2409094 COMPLETED  bounces=   1 blocked=   0 leads_found=   1  Ankit bajaj campaign - Diwali - 6
  [429/812] 2409085 COMPLETED  bounces=   1 blocked=   1 leads_found=   1  Ankit bajaj campaign - Diwali - 4
  [430/812] 2409035 COMPLETED  bounces=   3 blocked=   2 leads_found=   3  Ankit bajaj campaign - Diwali - 3
  [431/812] 2409032 COMPLETED  bounces=   5 blocked=   3 leads_found=   5  Ankit bajaj campaign - Diwali - 2
  [432/812] 2405786 COMPLETED  bounces=   0 blocked=   3 leads_found=   3  Diwali 500-5000 - Director
  [433/812] 2408993 COMPLETED  bounces=  15 blocked=   8 leads_found=  14  Ankit bajaj campaign - Diwali
  [434/812] 2405105 COMPLETED  bounces=   2 blocked=   1 leads_found=   1  internal test - 21st aug
  [435/812] 2402690 COMPLETED  bounces=   1 blocked=   0 leads_found=   1  KSA CAM Set 1 HR
  [436/812] 2414249 COMPLETED  bounces= 116 blocked= 139 leads_found= 182  Diwali 500-5000 - other than VP and Director
  [437/812] 2401867 COMPLETED  bounces=   1 blocked=   0 leads_found=   1  SEA CAM List - FMCD
  [438/812] 2402679 COMPLETED  bounces=   3 blocked=   4 leads_found=   5  SEA CAM List HR
  [439/812] 2401738 COMPLETED  bounces=   1 blocked=   1 leads_found=   1  SEA CAM List - FMCG - set 2
  [440/812] 2401754 COMPLETED  bounces=   3 blocked=   2 leads_found=   3  Chris, Kassandra-hey reach data founders and hrs
  [441/812] 2401725 COMPLETED  bounces=   4 blocked=   3 leads_found=   4  SEA CAM List - FMCG
  [442/812] 2401682 PAUSED     bounces=   5 blocked=   1 leads_found=   5  SEA CAM List - Building Materials
  [444/812] 2401662 PAUSED     bounces=   3 blocked=   1 leads_found=   3  SEA CAM List - Automotive
  [445/812] 2370654 COMPLETED  bounces=   1 blocked=   1 leads_found=   1  Competition Campaign: Springworks - Bonfyre
  [446/812] 2368499 COMPLETED  bounces=   2 blocked=   4 leads_found=   4  Competition Campaign: Springworks
  [447/812] 2401407 COMPLETED  bounces=   1 blocked=   2 leads_found=   2  Diwali 500-5000 - VP
  [449/812] 2368465 COMPLETED  bounces=   4 blocked=   3 leads_found=   4  Competition Campaign: Bot PL
  [450/812] 2365135 COMPLETED  bounces=   3 blocked=   1 leads_found=   3  Indonesia data - Sales and marketing
  [451/812] 2365126 COMPLETED  bounces=   3 blocked=   1 leads_found=   3  Indonesia data - CXO
  [452/812] 2365113 COMPLETED  bounces=   1 blocked=   0 leads_found=   1  Indonesia data - HR Manager
  [453/812] 2364055 COMPLETED  bounces=   3 blocked=   1 leads_found=   1  Competition Campaign: Loyalty Jaggernaut
  [455/812] 2360581 COMPLETED  bounces=  30 blocked=  15 leads_found=  28  2023 Repository - Africa Set 1 and Set 2 - HR Generic
  [456/812] 2360489 COMPLETED  bounces=  14 blocked=   6 leads_found=  14  2023 Repository - Africa Set 1 and Set 2 - Electronics 
  [457/812] 2358357 COMPLETED  bounces=   4 blocked=   3 leads_found=   3  2023 Repository - GCC - HR
  [458/812] 2354754 COMPLETED  bounces=   3 blocked=   1 leads_found=   3  2023 Repository - GCC - Sales generic
  [459/812] 2354740 COMPLETED  bounces=   3 blocked=   2 leads_found=   3  2023 Repository - GCC - FMCG
  [460/812] 2354717 COMPLETED  bounces=   7 blocked=   7 leads_found=   7  2023 Repository - GCC - Building materials
  [461/812] 2354655 COMPLETED  bounces=   1 blocked=   1 leads_found=   1  Comarch
  [462/812] 2354649 COMPLETED  bounces=  12 blocked=   4 leads_found=  10  Visa 50 (1)
  [463/812] 2354636 COMPLETED  bounces=   1 blocked=   1 leads_found=   1  Xoxoday post 50
  [464/812] 2354625 COMPLETED  bounces=  14 blocked=  10 leads_found=  16  Xoxoday LI Followers - India
  [465/812] 2353126 COMPLETED  bounces=  43 blocked=  22 leads_found=  52  Diwali Campaign - 08.08.2025
  [466/812] 2352049 COMPLETED  bounces=   6 blocked=   4 leads_found=   8  Job Change Aug - Africa
  [467/812] 2352053 COMPLETED  bounces=  48 blocked=  29 leads_found=  52  Job Change Aug - India
  [468/812] 2352039 COMPLETED  bounces=  13 blocked=  10 leads_found=  14  Job Change Aug - SEA
  [469/812] 2352031 COMPLETED  bounces=   9 blocked=   1 leads_found=   9  Job Change Aug - KSA
  [470/812] 2352016 COMPLETED  bounces=   7 blocked=  14 leads_found=  18  Job Change Aug - GCC
  [471/812] 2351997 COMPLETED  bounces=   3 blocked=   3 leads_found=   4  Campaign data CAM - GCC  - HR
  [472/812] 2351888 COMPLETED  bounces=   3 blocked=   2 leads_found=   4  Campaign data CAM - GCC - Sales and marketing - 2nd cyc
  [473/812] 2351869 COMPLETED  bounces=   1 blocked=   5 leads_found=   5  Campaign data CAM - GCC - FMCG
  [475/812] 2351540 COMPLETED  bounces=   6 blocked=   2 leads_found=   6  Campaign data CAM - GCC - Loyalife Marketing
  [476/812] 2331339 COMPLETED  bounces=   4 blocked=   3 leads_found=   3  Koala (50)
  [477/812] 2331325 COMPLETED  bounces=  28 blocked=  18 leads_found=  28  Building Material - Channel Incentive - India
  [478/812] 2331257 COMPLETED  bounces=   4 blocked=   0 leads_found=   4  O.C. Tanner_product_signals
  [479/812] 2331328 COMPLETED  bounces=  87 blocked=  26 leads_found=  80  Building Material - Channel Incentive - US
  [480/812] 2331250 COMPLETED  bounces=   8 blocked=   0 leads_found=   8  Vantage Circle_product_signals
  [482/812] 2331240 COMPLETED  bounces=   5 blocked=   0 leads_found=   5  Workhuman_product_signals
  [483/812] 2328985 COMPLETED  bounces=  38 blocked=  23 leads_found=  38  Resource Download Leads - ABM 2025 - CopyResource Downl
  [484/812] 2353015 COMPLETED  bounces= 128 blocked=  41 leads_found= 135  Job Change Aug - US
  [486/812] 2328975 COMPLETED  bounces= 121 blocked=  73 leads_found= 114  ISS - Meeting No Show and Cancel - Meeting Create date 
  [487/812] 2328647 COMPLETED  bounces=   6 blocked=   1 leads_found=   5  Competition Campaign: OC tanner
  [488/812] 2328966 COMPLETED  bounces=  43 blocked=  30 leads_found=  44  ISS - Meeting No Show and Cancel - Meeting Create date 
  [489/812] 2328642 COMPLETED  bounces=   4 blocked=   2 leads_found=   5  Competition Campaign: Advantage club, Culture Amp
  [490/812] 2322742 COMPLETED  bounces=   2 blocked=   1 leads_found=   2  Africa CAM Sales and marketing - Roshaan
  [491/812] 2322599 COMPLETED  bounces=   0 blocked=   1 leads_found=   1  Africa CAM HR Roshaan
  [492/812] 2311420 COMPLETED  bounces=   1 blocked=   0 leads_found=   1  Competition Campaign: Advantage club, OC tanner - India
  [493/812] 2311289 COMPLETED  bounces=   8 blocked=   3 leads_found=   8  Competition Campaign: Advantage club, OC tanner
  [494/812] 2305161 COMPLETED  bounces=   4 blocked=   3 leads_found=   3  Roshaan CAM BSFI Content - 1
  [495/812] 2304065 COMPLETED  bounces=  24 blocked=  11 leads_found=  25  Client List- Workplace by META - SEA
  [496/812] 2304054 COMPLETED  bounces=  18 blocked=   8 leads_found=  18  Client List- Workplace by META - ROW
  [497/812] 2318817 COMPLETED  bounces=  35 blocked=  22 leads_found=  43  Pazcare Webinar
  [498/812] 2303784 COMPLETED  bounces=   5 blocked=   4 leads_found=   5  Client List- Workplace by META - India
  [499/812] 2303996 COMPLETED  bounces=   3 blocked=   1 leads_found=   3  Client List- Workplace by META - MEA
  [500/812] 2300599 COMPLETED  bounces=   3 blocked=   2 leads_found=   2  Banks data, himyan - Naveen
  [501/812] 2300722 PAUSED     bounces=  11 blocked=  13 leads_found=  20  Pazcare India HR Opens
  [502/812] 2303627 PAUSED     bounces= 104 blocked=  65 leads_found= 109  Pazcare India HR Not opened
  [503/812] 2300571 PAUSED     bounces= 136 blocked=  74 leads_found= 135  Naveen's pipeline - GCC
  [504/812] 2300505 PAUSED     bounces=   8 blocked=  11 leads_found=  12  Quirks Attendees List - Stella
  [505/812] 2299482 COMPLETED  bounces=   1 blocked=   1 leads_found=   1  internal test - copy
  [506/812] 2288959 COMPLETED  bounces=  10 blocked=   3 leads_found=  10  SAP List  - Mahima US 2
  [507/812] 2288958 COMPLETED  bounces=   7 blocked=   3 leads_found=   7  SAP List  - Mahima - India 2
  [508/812] 2300497 PAUSED     bounces=  28 blocked=  26 leads_found=  37  Quirks Attendees List - Belinda
  [509/812] 2288954 COMPLETED  bounces=   2 blocked=   4 leads_found=   4  Airlines - Plum API - 5
  [512/812] 2288948 COMPLETED  bounces=   1 blocked=   1 leads_found=   1  Content for SAP content written by our team - Other Dat
  [513/812] 2281835 COMPLETED  bounces=   1 blocked=   1 leads_found=   1  Content for SAP content written by our team - Other Dat
  [514/812] 2283080 COMPLETED  bounces=  13 blocked=   7 leads_found=  14  SAP List  - Mahima - India 1
  [515/812] 2281831 COMPLETED  bounces=   1 blocked=   1 leads_found=   1  Gaming and Gambling companies data- 2024 - India 3
  [517/812] 2283065 COMPLETED  bounces=  16 blocked=   6 leads_found=  18  SAP List  - Mahima US -1
  [518/812] 2281817 COMPLETED  bounces=   4 blocked=   2 leads_found=   4  Airlines - Plum API - 4
  [519/812] 2279497 COMPLETED  bounces=  20 blocked=   9 leads_found=  20  SAP POC's Data Global-  India
  [520/812] 2278438 COMPLETED  bounces=   1 blocked=   1 leads_found=   1  Content for SAP content written by our team - Other Dat
  [521/812] 2281701 COMPLETED  bounces=  39 blocked=  17 leads_found=  39  KSA Marketing New Data
  [522/812] 2278254 COMPLETED  bounces=   1 blocked=   1 leads_found=   1  Gaming and Gambling companies data- 2024 - US 3
  [523/812] 2279311 COMPLETED  bounces=   7 blocked=   5 leads_found=   7  SAP POC's Data Global - US
  [526/812] 2278246 COMPLETED  bounces=   7 blocked=   6 leads_found=   8  Airlines - Plum API - 3
  [527/812] 2275564 COMPLETED  bounces=   0 blocked=   1 leads_found=   1  Empuls Website Visitors - 14.07.2025
  [528/812] 2270625 COMPLETED  bounces=   6 blocked=   6 leads_found=   6  Content for SAP content written by our team - Director
  [529/812] 2270596 COMPLETED  bounces=   3 blocked=   2 leads_found=   3  Gaming and Gambling companies data- 2024 - US 2
  [530/812] 2270601 COMPLETED  bounces=   4 blocked=   2 leads_found=   4  Gaming and Gambling companies data- 2024 - India 1
  [531/812] 2270572 COMPLETED  bounces=   7 blocked=   8 leads_found=  10  Airlines - Plum API - 2
  [532/812] 2266496 COMPLETED  bounces=   1 blocked=   0 leads_found=   1  Gaming and Gambling companies data- 2024 - US
  [533/812] 2266487 COMPLETED  bounces=   3 blocked=   2 leads_found=   2  Content for SAP content written by our team
  [534/812] 2265293 COMPLETED  bounces=   4 blocked=   2 leads_found=   4  SAP 2.0
  [535/812] 2261787 COMPLETED  bounces=   2 blocked=   1 leads_found=   1  internal test - copy
  [536/812] 2261617 COMPLETED  bounces=   2 blocked=   3 leads_found=   3  internal test
  [537/812] 2266061 COMPLETED  bounces=  29 blocked=  26 leads_found=  36  Airlines - Plum API - 1
  [538/812] 2261552 COMPLETED  bounces=   6 blocked=   7 leads_found=   8  Agentic AI Email
  [539/812] 2253964 COMPLETED  bounces=   7 blocked=   2 leads_found=   8  HR- Engagement Isn't one -size fits-All - KSA Set 2
  [540/812] 2253621 COMPLETED  bounces=   6 blocked=   0 leads_found=   6  HR- Engagement Isn't one -size fits-All - KSA Set 1
  [541/812] 2245705 COMPLETED  bounces=   6 blocked=   6 leads_found=   8  Ignyte Website Companies Data - India
  [542/812] 2245699 COMPLETED  bounces=   8 blocked=  10 leads_found=  14  Ignyte Website Companies Data - GCC
  [543/812] 2241919 COMPLETED  bounces=  19 blocked=  14 leads_found=  24  HR- Engagement Isn't one -size fits-All - Africa set 3
  [544/812] 2241898 COMPLETED  bounces=  19 blocked=  22 leads_found=  26  HR- Engagement Isn't one -size fits-All - Africa set 2
  [545/812] 2241797 COMPLETED  bounces=   7 blocked=   8 leads_found=  12  HR- Engagement Isn't one -size fits-All - GCC set 3
  [546/812] 2241850 COMPLETED  bounces=  26 blocked=  26 leads_found=  40  HR- Engagement Isn't one -size fits-All - Africa set 1
  [547/812] 2241786 COMPLETED  bounces=   7 blocked=  10 leads_found=  14  HR- Engagement Isn't one -size fits-All - GCC set 2
  [548/812] 2241775 COMPLETED  bounces=   7 blocked=   9 leads_found=  12  HR- Engagement Isn't one -size fits-All - GCC set 1
  [549/812] 2241717 COMPLETED  bounces=  22 blocked=  43 leads_found=  49  HR- Engagement Isn't one -size fits-All - India Set 3
  [550/812] 2241453 COMPLETED  bounces=   5 blocked=   3 leads_found=   4  Naveen's Existing and non Existing IIM K alumni
  [551/812] 2241709 COMPLETED  bounces=  23 blocked=  24 leads_found=  38  HR- Engagement Isn't one -size fits-All - India Set 2
  [553/812] 2241682 COMPLETED  bounces=  15 blocked=  43 leads_found=  46  HR- Engagement Isn't one -size fits-All - India Set 1
  [554/812] 2238807 COMPLETED  bounces=   0 blocked=   1 leads_found=   1  India’s Best Companies To Work For 2025
  [558/812] 2238319 COMPLETED  bounces=   1 blocked=   1 leads_found=   1  SAP Innovation Day for SupplyChain
  [560/812] 2238138 COMPLETED  bounces=   1 blocked=   1 leads_found=   1  SAP Executive Exchange for HR: The Future of Payroll 
  [561/812] 2225243 COMPLETED  bounces=   7 blocked=   3 leads_found=   5  Kushal's  Viswakarma Alumni -Sarthak 20.06.25
  [566/812] 2224793 COMPLETED  bounces=   0 blocked=   2 leads_found=   2  SAP Sapphire Madrid
  [571/812] 2224392 COMPLETED  bounces=   2 blocked=   2 leads_found=   3  SAP Sapphire in 2025
  [572/812] 2224182 COMPLETED  bounces=  47 blocked=  36 leads_found=  47  Funding Set 3 - SEA
  [573/812] 2224170 COMPLETED  bounces=  33 blocked=  17 leads_found=  34  Funding Set 3 - UAE
  [574/812] 2224178 COMPLETED  bounces=  54 blocked=  31 leads_found=  53  Funding Set 3 - Africa
  [575/812] 2218964 COMPLETED  bounces=   3 blocked=   1 leads_found=   3  Indonesia HR New Data
  [576/812] 2215576 COMPLETED  bounces=   3 blocked=   4 leads_found=   4  Ignyte Dubai
  [577/812] 2216598 COMPLETED  bounces=   5 blocked=   4 leads_found=   6  Ignyte Data - ROW
  [578/812] 2211705 COMPLETED  bounces=   8 blocked=   5 leads_found=  12  BFSI Loyal life data - Africa
  [579/812] 2215356 COMPLETED  bounces=  55 blocked=  30 leads_found=  55  Africa Prospects
  [580/812] 2198369 COMPLETED  bounces=   1 blocked=   2 leads_found=   3  Website Visitors Plum - 20.06.2025
  [581/812] 2198367 COMPLETED  bounces=   1 blocked=   2 leads_found=   3  Empuls Website Visitors - 20.06.2025
  [582/812] 2198360 COMPLETED  bounces=  15 blocked=  11 leads_found=  15  GCC events 2024
  [583/812] 2198642 COMPLETED  bounces=  52 blocked=  21 leads_found=  49  Africa Award campaign
  [584/812] 2195042 COMPLETED  bounces=   1 blocked=   4 leads_found=   5  All regions pipeline - Content 2
  [585/812] 2195113 COMPLETED  bounces=  32 blocked=  28 leads_found=  35  US Contacts - Hello Xoxoday - Set 1
  [586/812] 2195125 COMPLETED  bounces=  62 blocked=  46 leads_found=  66  US Contacts - Hello Xoxoday - Set 2
  [587/812] 2194880 COMPLETED  bounces=   3 blocked=  10 leads_found=  11  All regions pipeline - Content 1
  [588/812] 2191513 COMPLETED  bounces=  14 blocked=   3 leads_found=  13  Kushal F2F - San Diego
  [589/812] 2194710 COMPLETED  bounces=  23 blocked=  32 leads_found=  38  Kushal F2F - San Diego - Set 2
  [590/812] 2194726 COMPLETED  bounces=  52 blocked=  41 leads_found=  53  Kushal F2F Set 2 - US
  [591/812] 2191461 COMPLETED  bounces=   4 blocked=   3 leads_found=   4  Kushal F2F - New Orleans Data 
  [593/812] 2183690 COMPLETED  bounces=   0 blocked=   1 leads_found=   1  GCC in a GLocalised event
  [594/812] 2183611 COMPLETED  bounces=   1 blocked=   1 leads_found=   1  NASCCOM GCC summit and awards
  [596/812] 2184078 COMPLETED  bounces=  35 blocked=  27 leads_found=  30  San Francisco Data - Kushal F2F
  [597/812] 2183472 COMPLETED  bounces=   1 blocked=   1 leads_found=   1  GCC Conclave - The Next Chapter of GCC Growth in India
  [600/812] 2183382 COMPLETED  bounces=   0 blocked=   0 leads_found=   0  GCC THE INDIA STORY, ROAD TO 2030
  [601/812] 2183413 COMPLETED  bounces=   1 blocked=   1 leads_found=   1  SSON GCC week INDIA
  [602/812] 2183336 COMPLETED  bounces=   1 blocked=   1 leads_found=   1  GCC FUTURE FORUM
  [606/812] 2183239 COMPLETED  bounces=   1 blocked=   1 leads_found=   1  2nd Edition Digital HR Certification
  [613/812] 2182323 COMPLETED  bounces=   1 blocked=   0 leads_found=   1  World HRD Congress 2025
  [617/812] 2176080 COMPLETED  bounces=   1 blocked=   0 leads_found=   1  Agentforce World Tour D.C. 2025
  [621/812] 2175722 COMPLETED  bounces=   1 blocked=   1 leads_found=   1   TrailblazerDX (TDX) 2025
  [626/812] 2175294 COMPLETED  bounces=   2 blocked=   0 leads_found=   2  HRD, National Hr SUmmit Aus
  [630/812] 2174898 COMPLETED  bounces=   4 blocked=   3 leads_found=   4  ReThink HR Tech
  [632/812] 2174727 COMPLETED  bounces=   1 blocked=   0 leads_found=   1  HRD National HR Summit
  [634/812] 2156896 COMPLETED  bounces=   2 blocked=   1 leads_found=   2  HR core lab
  [636/812] 2156715 COMPLETED  bounces=   1 blocked=   1 leads_found=   1  Engaging Employees Conference
  [640/812] 2156443 COMPLETED  bounces=   1 blocked=   1 leads_found=   1  The 26th Annual Workers’ Compensation Summit
  [643/812] 2156309 COMPLETED  bounces=   2 blocked=   2 leads_found=   2  WCWT25
  [646/812] 2155950 COMPLETED  bounces=   1 blocked=   1 leads_found=   1  Tahoe Dreamin
  [648/812] 2150029 COMPLETED  bounces=   1 blocked=   1 leads_found=   1  HR Tech Asia
  [649/812] 2142582 COMPLETED  bounces=   1 blocked=   1 leads_found=   1  TDX Bengaluru 2025
  [650/812] 2142547 COMPLETED  bounces=   0 blocked=   0 leads_found=   0  Inclusion In Motion
  [651/812] 2140543 COMPLETED  bounces=   2 blocked=   1 leads_found=   3  ADVANTAGE CLUB HRs DATA
  [652/812] 2134942 COMPLETED  bounces=   1 blocked=   0 leads_found=   1  people matters surge hr pune
  [653/812] 2142166 COMPLETED  bounces=   4 blocked=   8 leads_found=  10  GCC Q2 Data - 2024
  [655/812] 2132859 COMPLETED  bounces=   6 blocked=   6 leads_found=   9  Funded Companies -Set 2 - India
  [656/812] 2155064 COMPLETED  bounces= 103 blocked=  59 leads_found= 102  Job change Data KSA - Set 2
  [658/812] 2126853 COMPLETED  bounces=  19 blocked=  17 leads_found=  20  Funded Companies - India
  [659/812] 2126697 COMPLETED  bounces= 139 blocked= 127 leads_found= 133  Indian Journalists for Startups - Minu
  [662/812] 2095040 COMPLETED  bounces=   1 blocked=   1 leads_found=   1  Africa New Data - Companies from Roshaan's pipeline
  [663/812] 2051638 COMPLETED  bounces=   7 blocked=   6 leads_found=   8  HR Data Phillippines - Set 2
  [664/812] 2051615 COMPLETED  bounces=   5 blocked=   6 leads_found=   6  HR Data Phillippines - Set 1
  [665/812] 2051574 COMPLETED  bounces=  10 blocked=   8 leads_found=  13  HR Data Indonesia - Set 2
  [667/812] 2051557 COMPLETED  bounces=   7 blocked=  10 leads_found=  11  HR Data Indonesia - Set 1
  [668/812] 2027633 COMPLETED  bounces=   0 blocked=   1 leads_found=   1  Empuls Website Visitors
  [669/812] 2027612 COMPLETED  bounces=   0 blocked=   1 leads_found=   1  Plum Website Visitors
  [671/812] 2041367 COMPLETED  bounces=  71 blocked=  41 leads_found=  51  Cross Border Companies_Timir
  [672/812] 2014605 COMPLETED  bounces=  76 blocked=  42 leads_found=  70  Roshaan's no activity
  [673/812] 1990578 COMPLETED  bounces=   3 blocked=   4 leads_found=   4  Trading- Data- ROW
  [674/812] 1990680 COMPLETED  bounces=   1 blocked=   0 leads_found=   1  Customer Rewarding-Data-US
  [675/812] 1990274 COMPLETED  bounces=   1 blocked=   1 leads_found=   1  BFSI Loyal life - GCC -Cards
  [676/812] 1990520 COMPLETED  bounces=   3 blocked=   3 leads_found=   3  Trading- Data- US
  [677/812] 1990395 COMPLETED  bounces=  30 blocked=  22 leads_found=  24  Corporate rewards-Data- US
  [679/812] 1990248 COMPLETED  bounces=   3 blocked=   0 leads_found=   3  BFSI Loyal life - GCC Marketing
  [682/812] 1990168 COMPLETED  bounces=  54 blocked=  15 leads_found=  36  Martech-Data-US
  [683/812] 1989509 COMPLETED  bounces=   4 blocked=   4 leads_found=   4  Cross-Border gifting- ROW
  [684/812] 1989391 COMPLETED  bounces=   1 blocked=   0 leads_found=   1  Cross-Border gifting- US
  [685/812] 1983013 COMPLETED  bounces=   3 blocked=   3 leads_found=   3  Kushal's ETHR Post set 2
  [686/812] 1982616 COMPLETED  bounces=   1 blocked=   1 leads_found=   1  Kushal's ETHR Post
  [687/812] 1960696 COMPLETED  bounces=   2 blocked=   2 leads_found=   2  Panel members 10DX event - Imelda
  [688/812] 1958922 COMPLETED  bounces=   3 blocked=   3 leads_found=   4  Flights Booking Campaign
  [689/812] 1910805 COMPLETED  bounces=   7 blocked=   7 leads_found=   9  HR India data - 09.05.25 - Set 2
  [690/812] 1911071 COMPLETED  bounces=  22 blocked=  32 leads_found=  38  India Old Data - 09.05.25 set 3
  [691/812] 1911035 COMPLETED  bounces=  17 blocked=  29 leads_found=  34  India Old Data - 09.05.25 - Set 2
  [692/812] 1910710 COMPLETED  bounces=   5 blocked=   3 leads_found=   6  HR India data - 09.05.25 - Set 1
  [696/812] 1894336 COMPLETED  bounces=   1 blocked=   6 leads_found=   7  Ignyte Campaign GCC - Marketing
  [697/812] 1894122 COMPLETED  bounces=   1 blocked=   1 leads_found=   1  Ignyte Campaign GCC - HR
  [698/812] 1893743 COMPLETED  bounces=   3 blocked=   3 leads_found=   4  Ignyte Campaign India - Sales
  [699/812] 1893727 COMPLETED  bounces=   0 blocked=   1 leads_found=   1  Ignyte Campaign India - Marketing
  [700/812] 1893711 COMPLETED  bounces=   1 blocked=   4 leads_found=   4  Ignyte Campaign India - HR
  [702/812] 1888473 COMPLETED  bounces=   4 blocked=  15 leads_found=  16  Ignyte Campaign US - HR
  [703/812] 1880459 COMPLETED  bounces= 171 blocked= 156 leads_found= 170  CAM 2025 India CXO'S
  [704/812] 1862737 COMPLETED  bounces=   2 blocked=   2 leads_found=   3  Saudi Arabia - Ahmad - Plum
  [705/812] 1862677 COMPLETED  bounces=  15 blocked=  17 leads_found=  20  Saudi Arabia - Ahmad - Loyalife
  [706/812] 1888711 COMPLETED  bounces=  30 blocked=  69 leads_found=  73  Ignyte Campaign US - Sales
  [707/812] 1862370 COMPLETED  bounces=  11 blocked=  14 leads_found=  15  Saudi Arabia - Ahmad - Compass
  [708/812] 1861232 COMPLETED  bounces=   9 blocked=   9 leads_found=   9  KSA Campaign - Reactivation
  [709/812] 1849792 COMPLETED  bounces=   7 blocked=   1 leads_found=   6  Abhimanyu US F2F  - Orlando
  [710/812] 1862631 COMPLETED  bounces=  41 blocked=  45 leads_found=  59  Saudi Arabia - Ahmad - Empuls
  [711/812] 1849487 COMPLETED  bounces=   9 blocked=   4 leads_found=  11  Abhimanyu US F2F 
  [712/812] 1839976 COMPLETED  bounces=   8 blocked=   7 leads_found=   9  Job change data KSA
  [713/812] 1849295 COMPLETED  bounces=  59 blocked=  44 leads_found=  55  FSI Data Indonesia - Marketing
  [714/812] 1827837 COMPLETED  bounces=   5 blocked=   2 leads_found=   5  Commercial banks in Uganda
  [715/812] 1827406 COMPLETED  bounces=  16 blocked=  12 leads_found=  21  BFSI Loyal life data Africa - Marketing
  [716/812] 1827325 COMPLETED  bounces=   7 blocked=   7 leads_found=   7  BFSI Loyal life data India- CX, Loyalty and rewards
  [717/812] 1827338 COMPLETED  bounces=  25 blocked=  20 leads_found=  26  BFSI Loyal life data India- Marketing
  [718/812] 1827314 COMPLETED  bounces=   1 blocked=   1 leads_found=   1  BFSI Loyal life data India - Cards
  [719/812] 1827190 COMPLETED  bounces=   2 blocked=   3 leads_found=   3  BFSI Loyal life data Africa - CX, Loyalty and rewards
  [720/812] 1827052 COMPLETED  bounces=   7 blocked=   4 leads_found=   7  BFSI Loyal life data Africa - Cards
  [721/812] 1826495 COMPLETED  bounces=   1 blocked=   1 leads_found=   1  Manoj's Client Information
  [722/812] 1849359 COMPLETED  bounces=  91 blocked= 135 leads_found= 155  Job change Philippines
  [723/812] 1826343 COMPLETED  bounces=   2 blocked=   2 leads_found=   2  Mercedes-Benz - Preetham
  [724/812] 1826470 COMPLETED  bounces=   7 blocked=   6 leads_found=   6  Data for Kushal's Alumni Track
  [725/812] 1818491 COMPLETED  bounces=   8 blocked=  12 leads_found=  14  SAP SIs Not opened - US
  [726/812] 1817960 COMPLETED  bounces=   7 blocked=  15 leads_found=  17  SAP SIs Not opened - India
  [730/812] 1766684 COMPLETED  bounces=   0 blocked=  37 leads_found=  37  Americas No shows
  [731/812] 1753225 COMPLETED  bounces=  10 blocked=   6 leads_found=  10  Job Change - US
  [733/812] 1744644 COMPLETED  bounces=   5 blocked=   4 leads_found=   4  India SMB CAM - Sales
  [735/812] 1818722 COMPLETED  bounces=   2 blocked=  12 leads_found=  14  Job change data US - 22.04.25
  [737/812] 1743693 COMPLETED  bounces=   0 blocked=   1 leads_found=   1  Website Visitors Empuls- Common Room- April
  [738/812] 1743683 COMPLETED  bounces=   0 blocked=   2 leads_found=   2  Website Visitors Plum- Common Room- April
  [739/812] 1753198 COMPLETED  bounces=   0 blocked=   2 leads_found=   2  Automobile Industry - India
  [740/812] 1743648 COMPLETED  bounces=   0 blocked=   2 leads_found=   2  Website Visitors Loyalife- Common Room- April
  [741/812] 1727595 COMPLETED  bounces=   8 blocked=   7 leads_found=   9  Nikunj's CAM 2nd cycle
  [742/812] 1727604 COMPLETED  bounces=   6 blocked=   5 leads_found=   7  Nikunj's CAM 2nd cycle- Part 2
  [743/812] 1727441 COMPLETED  bounces=   0 blocked=   2 leads_found=   2  US SMB- India
  [744/812] 1727575 COMPLETED  bounces=   0 blocked=   5 leads_found=   5  US SMB Abhishek
  [747/812] 1674215 COMPLETED  bounces=   1 blocked=   2 leads_found=   2  Website Visitors - Plum (3rd Cycle)
  [748/812] 1674245 COMPLETED  bounces=   3 blocked=   4 leads_found=   4  Website Visitors Empuls - Common Room (3rd Cycle)
  [749/812] 1741129 COMPLETED  bounces=  10 blocked=  12 leads_found=  14  US Contacts - no activity before 2023 - 1st Set
  [750/812] 1674009 COMPLETED  bounces=   0 blocked=   0 leads_found=   0  Website Visitors Loyalife - Common Room (3rd Cycle)
  [751/812] 1673322 COMPLETED  bounces=   5 blocked=   5 leads_found=   5  LinkedIn and Google Ads Forms
  [752/812] 1665000 COMPLETED  bounces=   1 blocked=   1 leads_found=   1  Linkedin Social Signals - HR Tech influencer
  [753/812] 1664123 COMPLETED  bounces=  32 blocked=  30 leads_found=  30  Market Research - Universities
  [754/812] 1664049 COMPLETED  bounces=  78 blocked=  69 leads_found=  69  Market Research - Consultant
  [755/812] 1663990 COMPLETED  bounces=  39 blocked=  40 leads_found=  40  Sales - Indonesia- Ramadan
  [756/812] 1663986 COMPLETED  bounces=  42 blocked=  57 leads_found=  57  Marketing - Indonesia- Ramadan
  [757/812] 1663888 COMPLETED  bounces=  20 blocked=  28 leads_found=  28  HR - Indonesia- Ramadan
  [758/812] 1651398 COMPLETED  bounces=   5 blocked=   5 leads_found=   5  CHRO- Attendees
  [760/812] 1651354 COMPLETED  bounces=   3 blocked=   4 leads_found=   4  CHRO- Non Attendees
  [761/812] 1651316 COMPLETED  bounces=   1 blocked=   1 leads_found=   1  Annual Rethink HR Conclave
  [762/812] 1651279 COMPLETED  bounces=   1 blocked=   1 leads_found=   1  DigiBank Qatar Delegates
  [763/812] 1673712 COMPLETED  bounces=  75 blocked=  85 leads_found=  85  Nikunj's CAM Campaigns Set 2
  [764/812] 1651101 COMPLETED  bounces=   6 blocked=  12 leads_found=  12  Marketing - GCC- Ramadhan
  [766/812] 1651081 COMPLETED  bounces=  10 blocked=  12 leads_found=  12  HR - GCC- Ramadhan
  [768/812] 1651126 COMPLETED  bounces=  23 blocked=  23 leads_found=  23  Sales - GCC- Ramadhan
  [769/812] 1642098 COMPLETED  bounces=   1 blocked=   1 leads_found=   1  India energy week Speakers Kushal's Version
  [770/812] 1642394 COMPLETED  bounces=   6 blocked=   6 leads_found=   6  Conglomerates India Poc -Ankit Bajaj
  [771/812] 1642093 COMPLETED  bounces=   1 blocked=   2 leads_found=   2  India energy week Speakers Set-1
  [772/812] 1630501 COMPLETED  bounces=  16 blocked=  34 leads_found=  34  ET Nextech Human Capital Summit 2025- Attendees
  [773/812] 1650528 COMPLETED  bounces=  82 blocked= 113 leads_found= 113  Job change leads Non Live Clients set 2
  [774/812] 1620607 COMPLETED  bounces=   2 blocked=   2 leads_found=   2  Website Visitors Compass - Common Room (2nd Cycle)
  [775/812] 1620675 COMPLETED  bounces=   3 blocked=   4 leads_found=   4  Website Visitors Empuls - Common Room (2nd Cycle)
  [776/812] 1620587 COMPLETED  bounces=   2 blocked=   4 leads_found=   4  Website Visitors Common Room - Plum (2nd Cycle)
  [777/812] 1620573 COMPLETED  bounces=   0 blocked=   2 leads_found=   2  Website Visitors Loyalife - Common Room (2nd Cycle)
  [778/812] 1626833 COMPLETED  bounces=   4 blocked=  49 leads_found=  49  Women's day HR 2025
  [779/812] 1617214 COMPLETED  bounces=   3 blocked=   3 leads_found=   3  UKG SI- Anupama
  [783/812] 1611624 COMPLETED  bounces=   8 blocked=   8 leads_found=   8  HR- 20k Data set- Mixed
  [784/812] 1611607 COMPLETED  bounces=  11 blocked=  11 leads_found=  11  HR- 20k Data set- SEA
  [785/812] 1585884 COMPLETED  bounces=   1 blocked=   2 leads_found=   2  SAP AEs-Anupama 
  [786/812] 1577668 COMPLETED  bounces=   6 blocked=   5 leads_found=   5  CAM List- NBFC
  [787/812] 1562149 COMPLETED  bounces=   2 blocked=   2 leads_found=   2  Hibob- Set 3- UK/Europe
  [788/812] 1562120 COMPLETED  bounces=   1 blocked=   1 leads_found=   1  HiBob Set 3- America
  [789/812] 1571069 COMPLETED  bounces=  14 blocked=  17 leads_found=  17  ET Nextech Human Capital - Speakers
  [790/812] 1535863 COMPLETED  bounces=   2 blocked=   2 leads_found=   2  HiBob-UK/Europe- Set 2
  [791/812] 1535857 COMPLETED  bounces=   4 blocked=   4 leads_found=   4  HiBob- Set 2- Americas
  [792/812] 1570563 COMPLETED  bounces= 423 blocked= 472 leads_found= 472  Job Change-Live Clients
  [793/812] 1534453 COMPLETED  bounces=   4 blocked=   7 leads_found=   7  CAM List - BFSI
  [794/812] 1534294 COMPLETED  bounces=   4 blocked=   9 leads_found=   9  CAM List- Manufacturing
  [795/812] 1523548 COMPLETED  bounces=   1 blocked=   1 leads_found=   1  Mohali Event Campaign
  [796/812] 1520359 COMPLETED  bounces=   3 blocked=   3 leads_found=   3  HiBob-UK/Europe
  [797/812] 1520211 COMPLETED  bounces=   3 blocked=   2 leads_found=   2  HiBob- americas
  [798/812] 1529178 COMPLETED  bounces=  16 blocked=  17 leads_found=  17  CAM List IT/ITES- Sales and Marketing
  [799/812] 1502455 COMPLETED  bounces=   2 blocked=   2 leads_found=   2  Job Change-Non Live Clients - ROW
  [800/812] 1502365 COMPLETED  bounces=   8 blocked=   7 leads_found=   7  Job Change-Non Live Clients- Australia
  [801/812] 1495490 COMPLETED  bounces=   3 blocked=   7 leads_found=   7  Website Visitors Plum- Common Room
  [802/812] 1495333 COMPLETED  bounces=   0 blocked=   2 leads_found=   2  Website Visitors Loyalife - Common Room
  [803/812] 1494848 COMPLETED  bounces=   2 blocked=   2 leads_found=   2  Website Visitors Compass- Common Room
  [804/812] 1494887 COMPLETED  bounces=   3 blocked=   6 leads_found=   6  Website Visitors Empuls - Common Room
  [806/812] 1488153 COMPLETED  bounces=  10 blocked=  11 leads_found=  11  CAM List US
  [807/812] 1459466 COMPLETED  bounces=   4 blocked=   4 leads_found=   4  Minu's LinkedIn Leads
  [809/812] 1494665 COMPLETED  bounces=  97 blocked= 126 leads_found= 126  No shows- India-Yash
  [811/812] 1456117 COMPLETED  bounces=   2 blocked=   3 leads_found=   3  ET Nextech Human Capital Summit 2025

DONE. campaigns_with_bounces=564 bounce_events=10627 blocked_leads=7847 leads_pulled=11491
  detail: /Users/naitikchavda/Event Auto push/smartlead-kit/outputs/bounced_leads.csv
  summary: /Users/naitikchavda/Event Auto push/smartlead-kit/outputs/bounced_summary.csv
