/Users/naitikchavda/Library/Python/3.9/lib/python/site-packages/urllib3/__init__.py:35: NotOpenSSLWarning: urllib3 v2 only supports OpenSSL 1.1.1+, currently the 'ssl' module is compiled with 'LibreSSL 2.8.3'. See: https://github.com/urllib3/urllib3/issues/3020
  warnings.warn(
1/293 Oindrila Ba***e -> Cache: OK
2/293 Jessica Sc***y -> Cache: OK

2 from cache (free), 291 need a live Apollo lookup (~8 credits each if found).
Webhook created: https://webhook.site/f2509389-888b-4241-bd9c-3d0734051cf7
3/293 Jodi-Ann Lo***n -> requested (person 63e5cd47598a890001dd97fa)
4/293 Fatima Az***d -> requested (person 5571501873696457d71f7d00)
5/293 Julie Jo***n -> requested (person 5fc20ae6418344000156c8b2)
6/293 Shawn Bu***a -> requested (person 6363d50480ccb600013388bf)
7/293 Kristina Ma***i -> requested (person 656176020391640001a3fb31)
8/293 Victoria Dz***a -> requested (person 62455cb872eb010001c3c669)
9/293 Mauricio Le***s -> requested (person 60ad16026850170001e4eac0)
10/293 Jennifer Ab***t -> requested (person 61383c39b5a65e0001e4d409)
11/293 Laura Bu***r -> requested (person 60482513c9952d00018bee6b)
12/293 Gretchen Pf***r -> requested (person 6075d6f3cb9c7a00019b6a18)
13/293 Volha Mn***n -> requested (person 66730a914012040001e9ba3d)
14/293 Chandana Re***y -> requested (person 5e69ae14a490a80001cbbb02)
15/293 Sasikala Ve***m -> requested (person 65db6cdd6f36ef00015503f9)
16/293 Ivy Ba***e -> requested (person 67d91db7ce217d00017398fb)
17/293 JN Ga***s -> requested (person 6423220484a0180001cc3e43)
18/293 Yvonne May -> requested (person 5c241936d04441094ce8d4b3)
19/293 Deena Ma***h -> requested (person 54a6393a7468692fa24fb5cc)
20/293 Dan Fi***n -> requested (person 54a5e0a07468693209b118b0)
21/293 Juan Ca***s -> requested (person 5d61eb17f65125e249e27a3d)
22/293 Susannah La***r -> requested (person 66f53bc3d92bc8000147c877)
23/293 Ryan Ho***o -> requested (person 63dcf6a370fed3000148183e)
24/293 Margarita Pe***a -> requested (person 6704f36f0dca110001e81bef)
25/293 Helen Jo***n -> requested (person 64d3b48fefa57d00018f29e7)
26/293 Genevieve Cr***z -> requested (person 6320707b305fd70001ff260d)
27/293 Ranjan Ku***r -> requested (person 5bc4af77f651252b6c635d6f)
28/293 Inaki Ce***o -> requested (person 60fef21d0163a90001a81c62)
29/293 Maria Ga***a -> requested (person 69d747aaa073cc0001dcdc35)
30/293 Desiree St***l -> requested (person 5d49132df65125bd33efd447)
31/293 Suzette An***s -> requested (person 611d3c405f793100014a083b)
32/293 Susana Go***s -> requested (person 5ff2f1f9fcbdc700011f3e19)
33/293 Sue Ma***o -> requested (person 57d4462fa6da98537a3f3300)
34/293 Ana Mo***n -> requested (person 60d1cb58ee82bb000145b7b9)
35/293 Carlos Li***o -> requested (person 66f330fc1c1c95000137f347)
36/293 Carina Pa***s -> requested (person 615076eebabd0d0001d67990)
37/293 Petra Ar***n -> requested (person 60ca9e50991957000129e7cb)
38/293 Pradipta Ga***y -> requested (person 55d7fb6ef3e5bb49b5004e1a)
39/293 Sathya Pr***h -> requested (person 5d3bfe92a3ae610b1d787242)
40/293 Vishruta Ma***u -> requested (person 55caacedf3e5bb0c110116ba)
41/293 Radhika Si***l -> requested (person 6139f18ff7b81a000152fc93)
42/293 Anugrah Sh***a -> requested (person 63a8a2349519690001a79a0c)
43/293 Jasmine Kp -> requested (person 54ab633c746869084b4d4605)
44/293 Ruchika Sr***a -> requested (person 54a3d6b474686938ace63617)
45/293 Anju Sam -> requested (person 54a30db17468693fda80a950)
46/293 Yuvraj Ba***a -> requested (person 5d533252f6512558fe68d49c)
47/293 Neeru Pa***i -> requested (person 66ee4e73744fbe0001f5c960)
48/293 Kathy Di***z -> requested (person 60e2f085b1100e00019adf3b)
49/293 Thenmozhi Ra***n -> requested (person 65ec64fe900c5300061300c9)
50/293 Koji Ka***i -> requested (person 60fbbaa2aa2ac10001d16d86)
51/293 Nicola Yo***g -> requested (person 5ad4c662a6da986797a2f862)
52/293 Ashley Du***n -> requested (person 54a78112746869730a38613b)
53/293 Rahul Me***n -> requested (person 6a2f503d4b8e2e0001483314)
54/293 Maya Sr***r -> requested (person 63b42ae0d36d120001a56127)
55/293 David He***n -> requested (person 6794cb457871fe0001e9fe76)
56/293 Alex Mo***r -> requested (person 676d0afecc151100010ca394)
57/293 Putul Ma***r -> requested (person 67c06f84e807b2000181027b)
58/293 Andrea Cl***n -> requested (person 60f99d82cfc5f60001ff33e2)
59/293 Deborah Ro***s -> requested (person 54a4be9b74686938ac105860)
60/293 Miriam Ma***g -> requested (person 60b0ea95f8bdd70001548b69)
61/293 Soufiane Be***a -> requested (person 673f59bc45f9a60001d72a9f)
62/293 Noreen Se***h -> requested (person 6a32aac89bcaf60001b40973)
63/293 Constanza Go***y -> requested (person 54a5b7297468692fa20ea6a2)
64/293 Sara Pi***e -> requested (person 653772cb5ca057000147977e)
65/293 Shilpa Sh***a -> requested (person 54a7b1467468696de7b05c4c)
66/293 Bruce Wei -> requested (person 5f507e6bb40a22000167d5e7)
67/293 Michelle Tr***d -> requested (person 66b60032687c12000184af95)
68/293 Krista Ab***e -> requested (person 6a2aed8b15c6d6000130d899)
69/293 Alison Wo***s -> requested (person 54c28f617468697af7faa9a9)
70/293 Anitus Ni***n -> requested (person 68affc474aee4c000138c2f8)
71/293 Liesl In***h -> requested (person 55c8627673696410f7d29e04)
72/293 Michael Fo***i -> requested (person 54a13ab169702d231f913801)
73/293 Nancy Da***g -> requested (person 6768eb8a7a58a500015da7cb)
74/293 Jeannie Lo***e -> requested (person 54a89525746869334ad5ec01)
75/293 Shilpa Tr***i -> requested (person 63be50403ab0db0001c598ea)
76/293 Prashanth M -> requested (person 613acc4c25296f0001712157)
77/293 Gene Qu***n -> requested (person 57dcb0aaa6da987d3ccf3016)
78/293 Nickle La***x -> requested (person 66f665113e281d00016d906f)
79/293 Gian Ca***o -> requested (person 66f97a8683ba0c000150a94e)
80/293 Ipsita Go***i -> requested (person 66f2ab27578e7200010df36c)
81/293 Adam Bo***e -> requested (person 54abc2c57468692ca1ed820b)
82/293 Stephen Ke***y -> requested (person 670067185b13700001223c1c)
83/293 Kelli Jo***n -> requested (person 66f88b7d1cc13a0001ea9480)
84/293 Helen Zh***g -> requested (person 5acaa9b9a6da9840c917bc99)
85/293 Alex St***r -> requested (person 698c31fabcf8250001ca3488)
86/293 Christopher Ha***s -> requested (person 68d30f7059b197000169356b)
87/293 Michelle Ch***m -> requested (person 670001e87bfe7200011086a5)
88/293 Giridhar V -> requested (person 68528d48d3e28c000133c8e1)
89/293 Shanthala Br***v -> requested (person 5f814be2a9a2030001ee3abd)
90/293 Parvez Al***m -> requested (person 5c45dc5ff651256896ebe745)
91/293 Marvel Go***n -> requested (person 5f0c804fb1c7c60001d4d873)
92/293 Rajesh Ku***p -> requested (person 60f8fa5d35e44b0001c5dd04)
93/293 Ranjith Me***n -> requested (person 66f64f33eacf6500010c6a6b)
94/293 Saurav Du***a -> requested (person 6051d44e52b9640001f2a057)
95/293 Saket Ku***r -> requested (person 67b4271dc43b390001668062)
96/293 Claudia Br***w -> requested (person 54ebff74746869431177703a)
97/293 Andee Gu***n -> requested (person 54a3b0927468693676cadf0a)
98/293 Swaminathan Ra***i -> requested (person 60f94a91b78b8c00018e3f87)
99/293 Arti Na***r -> requested (person 54a8c9fd74686930ad519105)
100/293 Rujutta Wa***r -> requested (person 68231cd99724870001c4280e)
101/293 Aniruddha Li***e -> requested (person 67a9ed01e8bdb20001522bf0)
102/293 Badari Na***a -> requested (person 57df3d4fa6da980add318a40)
103/293 Rajendra Ra***t -> requested (person 60ff8189e062bc00015f3848)
104/293 Leann Co***r -> requested (person 60ef49a62a0d370001d7ad6e)
105/293 Shreya Sh***y -> requested (person 54a4cbdd74686938acdb6664)
106/293 Eshani Ch***a -> requested (person 55d6b178f3e5bb6e2d003c13)
107/293 Priya Ma***n -> requested (person 57d86b22a6da9878a322db89)
108/293 Mohamed Es***m -> requested (person 642999369255ca0001b436ab)
109/293 Preeti Ja***n -> requested (person 67a45833b81e8c0001b9eb77)
110/293 Marsha Mi***l -> requested (person 67c47f76a4f9560001d29ebb)
111/293 Daniela Ga***o -> requested (person 610a06a54595670001f3c517)
112/293 Nicole Na***c -> requested (person 614d64235b94ec0001de46dd)
113/293 Imran Kh***n -> requested (person 647eaa79e2112c0001e4334f)
114/293 Jojo Ma***s -> requested (person 54a5bcfc7468692fa28a8ba4)
115/293 Michael Ca***n -> requested (person 55befbad73696456a4779d00)
116/293 Nidhi Ba***j -> requested (person 54a2b5f27468693a7ef26a37)
117/293 Mrinal Ka***l -> requested (person 57d977f5a6da98728aff00ad)
118/293 Chie Ao***i -> requested (person 665c5023fc25410001c29ca4)
119/293 Akinori Sh***e -> requested (person 602a95787ee22500014263f3)
120/293 Prerana Sh***g -> requested (person 557065ad7369647101034c00)
121/293 Francesca An***a -> requested (person 6027ccbf44ec790001e51409)
122/293 Rosana Ec***o -> requested (person 6116954eaec53e00015de91f)
123/293 Gourav Sa***i -> requested (person 608c5233c64c920001c346d2)
124/293 Anne-Christine Ma***e -> requested (person 660bbaa35eade00006f45d2c)
125/293 Stephanie Ga***a -> requested (person 60d0c536f4213e000168f15d)
126/293 Dori La***e -> requested (person 66eed95658a4b20001a84d08)
127/293 Wynne Or***i -> requested (person 54a7a1277468696220ec1147)
128/293 Mery Cr***z -> requested (person 609d873a41ae33000190810e)
129/293 Ralph Oc***o -> requested (person 63a30536c10e390001829d7b)
130/293 John Ong -> requested (person 5fb49f3e9ee8f800015ac547)
131/293 Zendel Di***t -> requested (person 64ad06d9e61567000137fb5a)
132/293 Erikka Jo***e -> requested (person 6355229170e19900016651b3)
133/293 Natalie Da***s -> requested (person 60d4249212b0e50001c9d8f0)
134/293 Maria Ga***z -> requested (person 5e84df224b1bb0000192c179)
135/293 Michelle H -> requested (person 69ccc2708efaa50001e0ae53)
136/293 Dionne Ba***a -> requested (person 60935c55335da4000178475a)
137/293 Sheila La***s -> requested (person 6872a4ccf3361d0001bd98f7)
138/293 Ishie Ap***y -> requested (person 66b044be151e380001951a11)
139/293 Ian Ca***l -> requested (person 5fbd5484de05e00001a20314)
140/293 Krystle Ma***e -> requested (person 63a8a3fdaf87920001d3fdf5)
141/293 Saenz None -> requested (person 57e1a659a6da985717063908)
142/293 Hope By***m -> requested (person 5fdaa7437beada000197554c)
143/293 Cristal Ga***a -> requested (person 63d921acf952d30001824769)
144/293 Angelo Vi***i -> requested (person 602af3eb42d03b00015f7993)
145/293 Rocio So***a -> requested (person 67205ac9334bba0001483c3b)
146/293 Raquel Fe***z -> requested (person 670f96356aae71000153c880)
147/293 Daphny Gr***o -> requested (person 60e7dcd4ae6e4a0001e58479)
148/293 Umair Us***i -> requested (person 6110f9e9cf60eb0001d486a9)
149/293 Kareen Ma***r -> requested (person 5e65f7c605f90a0001bd7f15)
150/293 Anil Joy -> requested (person 6110fa099bd701000150ee69)
151/293 Alejandro Ri***s -> requested (person 63af530c8b604600014b82ca)
152/293 Priyanka Mo***y -> requested (person 60b73201e06d7c00014bb159)
153/293 Niranjan Hu***h -> requested (person 60cf5e912172890001cc601a)
154/293 Sue Mo***e -> requested (person 60087b1bb8f5080001041bd2)
155/293 Whitney Su***d -> requested (person 54a4cf3b74686934420d2f65)
156/293 Malibongwe Bo***i -> requested (person 66fc0aaba8fa1300013ad82f)
157/293 Brenda St***e -> requested (person 5fc20d315288f900018fa321)
158/293 Ina Pe***n -> requested (person 611bef4e0605fe0001a85c8e)
159/293 Matthias Ve***t -> requested (person 54c18c987468697af7c18520)
160/293 Andrew Bi***y -> requested (person 658097862334010001252d08)
161/293 Pete Ro***s -> requested (person 60e6cd58a89c8600013dd905)
162/293 Mark La***n -> requested (person 6369f1f76df04b0001965fb5)
163/293 Jade Eva -> requested (person 66cb495684fd08000193d910)
164/293 Eduardo Mo***y -> requested (person 6374226c82d4570001949532)
165/293 Pascal Oc***n -> requested (person 54a3a5ba7468692cf03b9207)
166/293 Sandra Mu***e -> requested (person 66fce1960d212400012af2f4)
167/293 Mariette Los -> requested (person 5ed494a6e8e64900015deefd)
168/293 Carlos An***a -> requested (person 60ea21d5c96b9f0001bf3227)
169/293 Daniele Co***o -> requested (person 54a4f1807468693209f9906f)
170/293 Christina St***u -> requested (person 66f863af2cbde3000167aea7)
171/293 Ashissh Ka***r -> requested (person 54a3121974686935bec92b52)
172/293 Patricia Al***s -> requested (person 620dca0e8860ca0001b99191)
173/293 Laura Ma***n -> requested (person 664af08e5ed17a00013fe78e)
174/293 Mais Ka***t -> requested (person 557080fb7369644a5e050400)
175/293 Maureen Yo***s -> requested (person 54c24a9d74686916393fa18a)
176/293 Arnika Ja***a -> requested (person 54c1d07a7468697af73a3e4c)
177/293 Amanda St***t -> requested (person 5c43df9da3ae610a2635f74a)
178/293 Lashana Ja***n -> requested (person 60ec7be27fd7fd000142eb97)
179/293 Marisa Bu***r -> requested (person 57e0d34fa6da987d60b618fc)
180/293 Arronima None -> requested (person 6603a77d6dc0530007687118)
181/293 Swati Kh***l -> requested (person 637acbfffc248900012d7428)
182/293 Justin Di***n -> requested (person 5f0dcf9bfc381c00011fe7b9)
183/293 Renu Bi***t -> requested (person 60bb5cc4234df90001a33a50)
184/293 Amit La***a -> requested (person 54a788b77468696220d3e03d)
185/293 Bhawna Ch***a -> requested (person 636de7c81f9add0001d1273d)
186/293 Shreesh Dw***i -> requested (person 60f9967978d2cf0001a50d82)
187/293 Marvin Vi***o -> requested (person 617a71bb322c0b0001d9daf7)
188/293 Pritam Si***h -> requested (person 57dae58da6da984a947c23bf)
189/293 Anisha Ra***v -> requested (person 57d8d2f6a6da9872165ebad4)
190/293 Jo Ro***o -> requested (person 60f53eaf2ed77f000124c9f8)
191/293 Laura Mo***o -> requested (person 60e62746e28b240001a561b3)
192/293 Sharonica Bo***n -> requested (person 557136d17369644879db0200)
193/293 Courtney Ve***i -> requested (person 54a547b77468692abfe6938b)
194/293 Trudy St***n -> requested (person 66f54deedb8c4e0001a26ba2)
195/293 Stuart Co***k -> requested (person 60ffcabd129d4a00014edc47)
196/293 Drew Eh***n -> requested (person 5fd2be0dd0ae0900010a288d)
197/293 Smita Na***r -> requested (person 646ee5821b3b850001071f90)
198/293 Jyoti Sh***a -> requested (person 635f8a4f329a5d0001580d03)
199/293 Kim Mo***t -> requested (person 60ecb95cdcefff0001194e96)
200/293 Angela Ry***n -> requested (person 6665016e5574e600018cec35)
201/293 Angela Ya***g -> requested (person 6734779f7b31de0001376008)
202/293 Lucia Ra***a -> requested (person 54a1c38474686945fa96e30e)
203/293 Stefano Br***i -> requested (person 54a301277468692e71cd4e4d)
204/293 Sally Hu***y -> requested (person 68461ff512b165000148cb9a)
205/293 Kenneth Fe***y -> requested (person 54a5211274686938ac3f907f)
206/293 Paul Ca***y -> requested (person 66fd20aa7f716f0001278cf9)
207/293 Lee Ga***d -> requested (person 60f686ff65bcaa0001a740ce)
208/293 Stuart Cu***s -> requested (person 66f3da02e85b30000135fd11)
209/293 Susie Mc***y -> requested (person 60aff2d6fa56fb000130b9fb)
210/293 Hwee Ng -> requested (person 65f9ed8e4ab67a0006abd4e6)
211/293 Gopal Kr***a -> requested (person 675b74ab63d64c000104c870)
212/293 John Ca***t -> requested (person 66f517f56b268f0001e07f6f)
213/293 Dandan Qin -> requested (person 562d949ba6da98040e005890)
214/293 Simon Ba***e -> requested (person 60ffd34bca1c740001819679)
215/293 Sarah Yo***g -> requested (person 5ae8ab79a6da983028441c8d)
216/293 Monina Za***a -> requested (person 6233db8607ca6b00013c87e9)
217/293 Elisha Wr***t -> requested (person 61693df34c445100018b29d8)
218/293 Shiran Da***s -> requested (person 5f6ac331d28f6b00012600c1)
219/293 Dawn Hi***h -> requested (person 5c1c0394fd457709643bae58)
220/293 Sandy Es***a -> requested (person 60d94cf98144180001d50603)
221/293 Ruby Ro***r -> requested (person 611673a89019240001bb3b63)
222/293 Maryanne Wa***r -> requested (person 54a4113a7468693b8ceda629)
223/293 Steve O'***n -> requested (person 60f7a56132938400010f98b1)
224/293 Anne Me***e -> requested (person 611d4c92e3f8a300011cbe0c)
225/293 Aparna Va***i -> requested (person 63a3081334af78000176eacb)
226/293 Melissa Pe***o -> requested (person 55c063357369644234702400)
227/293 Hari Pa***u -> requested (person 54a5da30746869344224d4ad)
228/293 Schelley An***n -> requested (person 55714a6973696457cf4e4200)
229/293 Mark Wi***s -> requested (person 611d4e04a20d94000138ce66)
230/293 Christina Fr***n -> requested (person 61babe9ba9514200019466d6)
231/293 Narasimha Re***y -> requested (person 54a971407468693399fd8e13)
232/293 Kelsey Bo***n -> requested (person 67c638ba6b57db0001441f2d)
233/293 Leahy Tr***y -> requested (person 6050d1fb50e3ae0001f56dd4)
234/293 Rebecca Ma***i -> requested (person 54aabc9e7468690b7559d215)
235/293 Courtney Ok***c -> requested (person 6307153e2df8ab0001414fd1)
236/293 Christina Be***y -> requested (person 60e6b76bf6b4a6000100b55c)
237/293 Nancy Ry***n -> requested (person 54aabe2b7468690377ab3e16)
238/293 Andrea Me***r -> requested (person 564c418fa6da985aed029f81)
239/293 Tim Sc***g -> requested (person 67e7c9ce66042500018da341)
240/293 John Ki***l -> requested (person 601930e1962d4a00011fa549)
241/293 Olga Lo***a -> requested (person 5fb5461f9ce71a0001f91a33)
242/293 Tom We***f -> requested (person 66f6ec2559999d00014d4ddb)
243/293 Colleen Co***s -> requested (person 60fb0f147cda0e0001dbc2f9)
244/293 Deborah Ko***k -> requested (person 54a2cc4a746869382551343e)
245/293 Christy Be***d -> requested (person 63d91f507d129e00011d5612)
246/293 Liz Sa***r -> requested (person 608c5411ebf8f800015f4b04)
247/293 Janice Go***n -> requested (person 6859991bd5832100011492fb)
248/293 Carla St***t -> requested (person 685cd7c12cf2bb0001fd339c)
249/293 Jessica Mi***i -> requested (person 5b31a0b8a6da9840853bd444)
250/293 Jason Mo***w -> requested (person 5b1a1af9a6da9828bf800776)
251/293 Caroline Em***s -> requested (person 60bf2b3173524e0001880396)
252/293 Michelle O'***a -> requested (person 66fb0139a74f550001b5776f)
253/293 Tory Dr***d -> requested (person 54aaa33f7468692366e60c10)
254/293 Julie Le***d -> requested (person 5fb523333ff046000159d712)
255/293 Beth Toy -> requested (person 54a61c727468692abf0137c3)
256/293 Maria Va***n -> requested (person 66f5e77ed323cb0001418e80)
257/293 Avyanna Br***e -> requested (person 649a6ec0242a900001acfeb9)
258/293 Devann St***e -> requested (person 54a2dbb67468693a7eab6a42)
259/293 Jennifer Ro***e -> requested (person 5fdbc1a92bd901000169014f)
260/293 Ericka O'***l -> requested (person 60ff1941d59ff7000143f5cd)
261/293 Linda Ja***s -> requested (person 6115035df62f5c000110f8ad)
262/293 Dan Do***h -> requested (person 67b2a5ff0dcf5000014d163b)
263/293 Tracy Co***y -> requested (person 681f5ac76941e100015f260d)
264/293 Cristen Eb***y -> requested (person 601a9f588cf1080001fc0fe3)
265/293 Krista Pe***t -> requested (person 60d9b44a674fde000150a5c3)
266/293 Lauren Mc***r -> requested (person 6872680866e0eb0001ec45fc)
267/293 Kelly Cu***m -> requested (person 57df4063a6da980af0eae7c8)
268/293 Samir Ba***j -> requested (person 66f54c0315c4db0001a8d0aa)
269/293 Julie Ma***e -> requested (person 66fc28aef3686a00012065c9)
270/293 Sheree He***x -> requested (person 60f2d18d6d9bc30001ee11ca)
271/293 Debra Co***n -> requested (person 54ec114d7468694311320a49)
272/293 Emerson Vi***e -> requested (person 54a452f574686938ace0d43e)
273/293 Salvador Ce***a -> requested (person 54a2e9347468693fda090846)
274/293 Marie Vi***l -> requested (person 61c2b9e9e2dfcc0001329168)
275/293 Irwin Mo***o -> requested (person 54a4a21c7468693b8cea9656)
276/293 Azrul Ra***i -> requested (person 687b362e5e7fb40001150662)
277/293 Justin Ri***a -> requested (person 54a2db9d7468693cdde20242)
278/293 Lito Bo***o -> requested (person 54a323e77468692e71f03557)
279/293 Kimberly Ha***r -> requested (person 6838a68e88272100018495c9)
280/293 Xiuli Sh***o -> requested (person 6259256fed752e00018e83a4)
281/293 Akberet Fa***r -> requested (person 61180a76d9fad80001ab9229)
282/293 Paola Gi***o -> requested (person 66fbf298a12d39000176947d)
283/293 Ligia Ca***n -> requested (person 6665f3f06cb9660001757236)
284/293 Steven Ho***d -> requested (person 64ee24e0adb55f00012cb552)
285/293 Javier Le***n -> requested (person 5ee6739f8c07f00001a7a36e)
286/293 Hufriz Ka***a -> requested (person 60cbe10bc3c83f000105f09f)
287/293 Laura Pr***r -> requested (person 67d8407ea1654f000165cab1)
288/293 Julie Wi***m -> requested (person 66f314fc2ed26400018bab07)
289/293 Megan Li***n -> requested (person 671a209cd03ef0000194337d)
290/293 Thomas Sc***z -> requested (person 54a5cf127468692fa27f85aa)
291/293 Shweta Sh***a -> requested (person 5d6bb2e580f93e3310578e3d)
292/293 Pooja Mo***e -> requested (person 557094a973696419015b6e00)
293/293 Elizabeth Se***t -> requested (person 67d052321989fe00019fe927)

Waiting up to 30s for 291 async phone callbacks...
Received 50/291 callbacks
Webhook token deleted.

293 contacts: 47 phone numbers found, 2 served from cache (0 credits).
