/Users/naitikchavda/Library/Python/3.9/lib/python/site-packages/urllib3/__init__.py:35: NotOpenSSLWarning: urllib3 v2 only supports OpenSSL 1.1.1+, currently the 'ssl' module is compiled with 'LibreSSL 2.8.3'. See: https://github.com/urllib3/urllib3/issues/3020
  warnings.warn(
1/30 [found] Maria Gonzalez Garcia | Apollo: +573102328024 | Lusha: -
2/30 [found] Ranjan Kumar | Apollo: +919810606903 | Lusha: +91 88024 60620
3/30 [found] Neeru Pardasani | Apollo: +919873990384 | Lusha: +91 95383 73605
4/30 [found] Jasmine Kp | Apollo: +919966401041 | Lusha: +91 99664 01041
5/30 [found] Jodi-Ann Love-Johnson | Apollo: +18763652050 | Lusha: -
6/30 [found] Julie Johnson | Apollo: +13212235516 | Lusha: -
7/30 [found] Carina Passinhas | Apollo: +351919576378 | Lusha: +351 21 358 5620
8/30 [found] Vishruta Mattu | Apollo: +917838245033 | Lusha: +91 78382 45033
9/30 [found] David Heffernan | Apollo: +447900162582 | Lusha: +44 23 9256 0400
10/30 [found] Susana Goncalves | Apollo: +351919576377 | Lusha: +351 919 576 377
11/30 [found] Margarita Sevilla Penuela | Apollo: +576022567422 | Lusha: +57 316 4828867
12/30 [found] Ruchika Srivastava | Apollo: +919886224940 | Lusha: +91 98862 24940
13/30 [found] Alex Moir | Apollo: +447803159945 | Lusha: +44 7702 678359
14/30 [found] Radhika Sibal | Apollo: +919986675956 | Lusha: +91 99866 75956
15/30 [found] Inaki Cebollero | Apollo: +34606330269 | Lusha: +1 305-922-4017
16/30 [not_found] Michael Calderon | Apollo: nan | Lusha: +506 7103 3932
17/30 [not_found] Elizabeth Seyfert | Apollo: nan | Lusha: +1 484-824-1737
18/30 [not_found] Maria Van Brown | Apollo: nan | Lusha: -
19/30 [not_found] Sheree Hendrix | Apollo: nan | Lusha: -
20/30 [not_found] Ishie Apsay | Apollo: nan | Lusha: +63 917 927 4403
21/30 [not_found] Samir Bajaj | Apollo: nan | Lusha: -
22/30 [not_found] Eshani Chhikara | Apollo: nan | Lusha: +91 99907 88089
23/30 [not_found] Maureen Youmans | Apollo: nan | Lusha: -
24/30 [not_found] Lito Boado | Apollo: nan | Lusha: -
25/30 [not_found] Desiree Stangl | Apollo: nan | Lusha: -
26/30 [not_found] Dori Larimore | Apollo: nan | Lusha: -
27/30 [not_found] Natalie Davies | Apollo: nan | Lusha: +61 407 136 186
28/30 [not_found] Cristal Galicia | Apollo: nan | Lusha: +63 949 611 0063
29/30 [not_found] Andrew Birkby | Apollo: nan | Lusha: +44 7890 588991
30/30 [not_found] Ruby Royster | Apollo: nan | Lusha: +1 919-949-8264

--- Where Apollo already found a number (15) ---
Lusha agreed: 5 | Lusha found something different: 7 | Lusha found nothing: 3

--- Where Apollo found nothing (15) ---
Lusha found a number anyway: 8 | Lusha also found nothing: 7

Total Lusha credits spent on this comparison: 121
