/Users/naitikchavda/Library/Python/3.9/lib/python/site-packages/urllib3/__init__.py:35: NotOpenSSLWarning: urllib3 v2 only supports OpenSSL 1.1.1+, currently the 'ssl' module is compiled with 'LibreSSL 2.8.3'. See: https://github.com/urllib3/urllib3/issues/3020
  warnings.warn(
1/66 Fusion CX -> 0 found, 0 selected (below 7 target)
2/66 Staff Outsourcing Solution -> 1 found, 1 selected (below 7 target)
3/66 Helpware -> 0 found, 0 selected (below 7 target)
4/66 TTEC -> 1 found, 1 selected (below 7 target)
5/66 ePerformax -> 2 found, 2 selected (below 7 target)
6/66 Hexaware -> 0 found, 0 selected (below 7 target)
7/66 QBE -> 0 found, 0 selected (below 7 target)
8/66 Alorica -> 2 found, 2 selected (below 7 target)
9/66 Foundever (formerly Sitel) -> 4 found, 4 selected (below 7 target)
10/66 Genpact -> 7 found, 7 selected
11/66 Cognizant -> 2 found, 2 selected (below 7 target)
12/66 TELUS Digital -> 3 found, 3 selected (below 7 target)
13/66 Conduent -> 0 found, 0 selected (below 7 target)
14/66 IBM Philippines -> 9 found, 9 selected
15/66 HGS (Hinduja Global Solutions) -> 1 found, 1 selected (below 7 target)
16/66 WNS Global Services -> 1 found, 1 selected (below 7 target)
17/66 Concentrix Clark/SME divisions (regional ops) -> 7 found, 7 selected
18/66 NTT Data Philippines -> 0 found, 0 selected (below 7 target)
19/66 Acquire BPO -> 1 found, 1 selected (below 7 target)
20/66 Cloudstaff -> 1 found, 1 selected (below 7 target)
21/66 Microsourcing -> 1 found, 1 selected (below 7 target)
22/66 EMAPTA -> 2 found, 2 selected (below 7 target)
23/66 Connext Global Solutions -> 0 found, 0 selected (below 7 target)
24/66 Booth & Partners -> 1 found, 1 selected (below 7 target)
25/66 Outsourced (Outsourced Global) -> 0 found, 0 selected (below 7 target)
26/66 SixEleven Global Services -> 0 found, 0 selected (below 7 target)
27/66 Staff Domain Philippines -> 0 found, 0 selected (below 7 target)
28/66 HiredSupport -> 0 found, 0 selected (below 7 target)
29/66 Outforce -> 0 found, 0 selected (below 7 target)
30/66 Staffwiz -> 0 found, 0 selected (below 7 target)
31/66 Unity Communications -> 1 found, 1 selected (below 7 target)
32/66 Global Sky -> 0 found, 0 selected (below 7 target)
33/66 123Employee -> 0 found, 0 selected (below 7 target)
34/66 Asticom Technology -> 3 found, 3 selected (below 7 target)
35/66 SKIP Teledirect (Singapore PH ops) (no domain)
36/66 iQor Philippines -> 2 found, 2 selected (below 7 target)
37/66 Transcom Worldwide Philippines -> 0 found, 0 selected (below 7 target)
38/66 Giga BPO -> 0 found, 0 selected (below 7 target)
39/66 CreaThink Solutions -> 0 found, 0 selected (below 7 target)
40/66 WinSolutions -> 0 found, 0 selected (below 7 target)
41/66 DBOS (Dynamic Business Outsourcing Solutions) -> 1 found, 1 selected (below 7 target)
42/66 Digital Minds BPO -> 0 found, 0 selected (below 7 target)
43/66 Logix BPO -> 0 found, 0 selected (below 7 target)
44/66 Startek -> 0 found, 0 selected (below 7 target)
45/66 Kamel BPO -> 0 found, 0 selected (below 7 target)
46/66 Guerilla Staffing Solution -> 0 found, 0 selected (below 7 target)
47/66 Deloitte -> 7 found, 7 selected
48/66 Ernst & Young -> 8 found, 8 selected
49/66 R1 RCM -> 2 found, 2 selected (below 7 target)
50/66 Cotiviti -> 0 found, 0 selected (below 7 target)
51/66 IQVIA -> 7 found, 7 selected
52/66 ICON plc -> 1 found, 1 selected (below 7 target)
53/66 Syneos Health -> 2 found, 2 selected (below 7 target)
54/66 Parexel -> 1 found, 1 selected (below 7 target)
55/66 Cigna -> 0 found, 0 selected (below 7 target)
56/66 Aetna -> 0 found, 0 selected (below 7 target)
57/66 Humana -> 0 found, 0 selected (below 7 target)
58/66 Elevance Health -> 0 found, 0 selected (below 7 target)
59/66 Century Pacific Food Inc. -> 1 found, 1 selected (below 7 target)
60/66 Republic Biscuit Corporation -> 2 found, 2 selected (below 7 target)
61/66 Amkor Technology Philippines -> 4 found, 4 selected (below 7 target)
62/66 Canon Business Machines Philippines -> 0 found, 0 selected (below 7 target)
63/66 Nidec Philippines Corporation -> 0 found, 0 selected (below 7 target)
64/66 RFM Corporation -> 0 found, 0 selected (below 7 target)
65/66 Liwayway Marketing Corporation -> 0 found, 0 selected (below 7 target)
66/66 Fortrea (formerly Labcorp Drug Development) -> 0 found, 0 selected (below 7 target)

88 candidates selected across 65 companies with a domain.
