/Users/naitikchavda/Event Auto push/smartlead-kit/wrapper/backend/.venv/lib/python3.9/site-packages/urllib3/__init__.py:35: NotOpenSSLWarning: urllib3 v2 only supports OpenSSL 1.1.1+, currently the 'ssl' module is compiled with 'LibreSSL 2.8.3'. See: https://github.com/urllib3/urllib3/issues/3020
  warnings.warn(
Refreshing association caches: ['project', 'event'] ...
  project: 374 records cached
  event: 235 records cached
/Users/naitikchavda/Event Auto push/smartlead-kit/wrapper/backend/.venv/lib/python3.9/site-packages/urllib3/__init__.py:35: NotOpenSSLWarning: urllib3 v2 only supports OpenSSL 1.1.1+, currently the 'ssl' module is compiled with 'LibreSSL 2.8.3'. See: https://github.com/urllib3/urllib3/issues/3020
  warnings.warn(
Refreshing association caches: ['project', 'event'] ...
  project: 374 records cached
  event: 235 records cached
/Users/naitikchavda/Event Auto push/smartlead-kit/wrapper/backend/.venv/lib/python3.9/site-packages/urllib3/__init__.py:35: NotOpenSSLWarning: urllib3 v2 only supports OpenSSL 1.1.1+, currently the 'ssl' module is compiled with 'LibreSSL 2.8.3'. See: https://github.com/urllib3/urllib3/issues/3020
  warnings.warn(
Refreshing association caches: ['project', 'event'] ...
  project: 374 records cached
  event: 235 records cached
/Users/naitikchavda/Event Auto push/smartlead-kit/wrapper/backend/.venv/lib/python3.9/site-packages/urllib3/__init__.py:35: NotOpenSSLWarning: urllib3 v2 only supports OpenSSL 1.1.1+, currently the 'ssl' module is compiled with 'LibreSSL 2.8.3'. See: https://github.com/urllib3/urllib3/issues/3020
  warnings.warn(
Refreshing association caches: ['project', 'event'] ...
  project: 374 records cached
  event: 235 records cached
/Users/naitikchavda/Event Auto push/smartlead-kit/wrapper/backend/.venv/lib/python3.9/site-packages/urllib3/__init__.py:35: NotOpenSSLWarning: urllib3 v2 only supports OpenSSL 1.1.1+, currently the 'ssl' module is compiled with 'LibreSSL 2.8.3'. See: https://github.com/urllib3/urllib3/issues/3020
  warnings.warn(
Refreshing association caches: ['project', 'event'] ...
  project: 374 records cached
  event: 235 records cached
/Users/naitikchavda/Event Auto push/smartlead-kit/wrapper/backend/.venv/lib/python3.9/site-packages/urllib3/__init__.py:35: NotOpenSSLWarning: urllib3 v2 only supports OpenSSL 1.1.1+, currently the 'ssl' module is compiled with 'LibreSSL 2.8.3'. See: https://github.com/urllib3/urllib3/issues/3020
  warnings.warn(
Refreshing association caches: ['project', 'event'] ...
  project: 374 records cached
  event: 235 records cached
/Users/naitikchavda/Event Auto push/smartlead-kit/wrapper/backend/.venv/lib/python3.9/site-packages/urllib3/__init__.py:35: NotOpenSSLWarning: urllib3 v2 only supports OpenSSL 1.1.1+, currently the 'ssl' module is compiled with 'LibreSSL 2.8.3'. See: https://github.com/urllib3/urllib3/issues/3020
  warnings.warn(
Refreshing association caches: ['project', 'event'] ...
  project: 375 records cached
  event: 235 records cached
/Users/naitikchavda/Event Auto push/smartlead-kit/wrapper/backend/.venv/lib/python3.9/site-packages/urllib3/__init__.py:35: NotOpenSSLWarning: urllib3 v2 only supports OpenSSL 1.1.1+, currently the 'ssl' module is compiled with 'LibreSSL 2.8.3'. See: https://github.com/urllib3/urllib3/issues/3020
  warnings.warn(
Refreshing association caches: ['project', 'event'] ...
  project: 375 records cached
  event: 235 records cached
/Users/naitikchavda/Event Auto push/smartlead-kit/wrapper/backend/.venv/lib/python3.9/site-packages/urllib3/__init__.py:35: NotOpenSSLWarning: urllib3 v2 only supports OpenSSL 1.1.1+, currently the 'ssl' module is compiled with 'LibreSSL 2.8.3'. See: https://github.com/urllib3/urllib3/issues/3020
  warnings.warn(
Refreshing association caches: ['project', 'event'] ...
  project: 375 records cached
  event: 235 records cached
/Users/naitikchavda/Event Auto push/smartlead-kit/wrapper/backend/.venv/lib/python3.9/site-packages/urllib3/__init__.py:35: NotOpenSSLWarning: urllib3 v2 only supports OpenSSL 1.1.1+, currently the 'ssl' module is compiled with 'LibreSSL 2.8.3'. See: https://github.com/urllib3/urllib3/issues/3020
  warnings.warn(
Refreshing association caches: ['project', 'event'] ...
  project: 376 records cached
  event: 235 records cached
/Users/naitikchavda/Event Auto push/smartlead-kit/wrapper/backend/.venv/lib/python3.9/site-packages/urllib3/__init__.py:35: NotOpenSSLWarning: urllib3 v2 only supports OpenSSL 1.1.1+, currently the 'ssl' module is compiled with 'LibreSSL 2.8.3'. See: https://github.com/urllib3/urllib3/issues/3020
  warnings.warn(
Refreshing association caches: ['project', 'event'] ...
  project: 377 records cached
  event: 233 records cached
/Users/naitikchavda/Event Auto push/smartlead-kit/wrapper/backend/.venv/lib/python3.9/site-packages/urllib3/__init__.py:35: NotOpenSSLWarning: urllib3 v2 only supports OpenSSL 1.1.1+, currently the 'ssl' module is compiled with 'LibreSSL 2.8.3'. See: https://github.com/urllib3/urllib3/issues/3020
  warnings.warn(
Refreshing association caches: ['project', 'event'] ...
  project: 378 records cached
  event: 233 records cached
/Users/naitikchavda/Event Auto push/smartlead-kit/wrapper/backend/.venv/lib/python3.9/site-packages/urllib3/__init__.py:35: NotOpenSSLWarning: urllib3 v2 only supports OpenSSL 1.1.1+, currently the 'ssl' module is compiled with 'LibreSSL 2.8.3'. See: https://github.com/urllib3/urllib3/issues/3020
  warnings.warn(
Refreshing association caches: ['project', 'event'] ...
  project: 378 records cached
  event: 234 records cached
/Users/naitikchavda/Event Auto push/smartlead-kit/wrapper/backend/.venv/lib/python3.9/site-packages/urllib3/__init__.py:35: NotOpenSSLWarning: urllib3 v2 only supports OpenSSL 1.1.1+, currently the 'ssl' module is compiled with 'LibreSSL 2.8.3'. See: https://github.com/urllib3/urllib3/issues/3020
  warnings.warn(
Refreshing association caches: ['project', 'event'] ...
  project: 379 records cached
  event: 234 records cached
/Users/naitikchavda/Event Auto push/smartlead-kit/wrapper/backend/.venv/lib/python3.9/site-packages/urllib3/__init__.py:35: NotOpenSSLWarning: urllib3 v2 only supports OpenSSL 1.1.1+, currently the 'ssl' module is compiled with 'LibreSSL 2.8.3'. See: https://github.com/urllib3/urllib3/issues/3020
  warnings.warn(
Refreshing association caches: ['project', 'event'] ...
  project: 379 records cached
  event: 234 records cached
/Users/naitikchavda/Event Auto push/smartlead-kit/wrapper/backend/.venv/lib/python3.9/site-packages/urllib3/__init__.py:35: NotOpenSSLWarning: urllib3 v2 only supports OpenSSL 1.1.1+, currently the 'ssl' module is compiled with 'LibreSSL 2.8.3'. See: https://github.com/urllib3/urllib3/issues/3020
  warnings.warn(
Refreshing association caches: ['project', 'event'] ...
  project: 380 records cached
  event: 233 records cached
/Users/naitikchavda/Event Auto push/smartlead-kit/wrapper/backend/.venv/lib/python3.9/site-packages/urllib3/__init__.py:35: NotOpenSSLWarning: urllib3 v2 only supports OpenSSL 1.1.1+, currently the 'ssl' module is compiled with 'LibreSSL 2.8.3'. See: https://github.com/urllib3/urllib3/issues/3020
  warnings.warn(
Refreshing association caches: ['project', 'event'] ...
  project: 380 records cached
  event: 233 records cached
/Users/naitikchavda/Event Auto push/smartlead-kit/wrapper/backend/.venv/lib/python3.9/site-packages/urllib3/__init__.py:35: NotOpenSSLWarning: urllib3 v2 only supports OpenSSL 1.1.1+, currently the 'ssl' module is compiled with 'LibreSSL 2.8.3'. See: https://github.com/urllib3/urllib3/issues/3020
  warnings.warn(
Refreshing association caches: ['project', 'event'] ...
  project: 380 records cached
  event: 233 records cached
/Users/naitikchavda/Event Auto push/smartlead-kit/wrapper/backend/.venv/lib/python3.9/site-packages/urllib3/__init__.py:35: NotOpenSSLWarning: urllib3 v2 only supports OpenSSL 1.1.1+, currently the 'ssl' module is compiled with 'LibreSSL 2.8.3'. See: https://github.com/urllib3/urllib3/issues/3020
  warnings.warn(
Refreshing association caches: ['project', 'event'] ...
  project: 380 records cached
  event: 233 records cached
/Users/naitikchavda/Event Auto push/smartlead-kit/wrapper/backend/.venv/lib/python3.9/site-packages/urllib3/__init__.py:35: NotOpenSSLWarning: urllib3 v2 only supports OpenSSL 1.1.1+, currently the 'ssl' module is compiled with 'LibreSSL 2.8.3'. See: https://github.com/urllib3/urllib3/issues/3020
  warnings.warn(
Refreshing association caches: ['project', 'event'] ...
  project: 380 records cached
  event: 233 records cached
/Users/naitikchavda/Event Auto push/smartlead-kit/wrapper/backend/.venv/lib/python3.9/site-packages/urllib3/__init__.py:35: NotOpenSSLWarning: urllib3 v2 only supports OpenSSL 1.1.1+, currently the 'ssl' module is compiled with 'LibreSSL 2.8.3'. See: https://github.com/urllib3/urllib3/issues/3020
  warnings.warn(
Refreshing association caches: ['project', 'event'] ...
  project: 381 records cached
  event: 233 records cached
/Users/naitikchavda/Event Auto push/smartlead-kit/wrapper/backend/.venv/lib/python3.9/site-packages/urllib3/__init__.py:35: NotOpenSSLWarning: urllib3 v2 only supports OpenSSL 1.1.1+, currently the 'ssl' module is compiled with 'LibreSSL 2.8.3'. See: https://github.com/urllib3/urllib3/issues/3020
  warnings.warn(
Refreshing association caches: ['project', 'event'] ...
  project: 381 records cached
  event: 233 records cached
/Users/naitikchavda/Event Auto push/smartlead-kit/wrapper/backend/.venv/lib/python3.9/site-packages/urllib3/__init__.py:35: NotOpenSSLWarning: urllib3 v2 only supports OpenSSL 1.1.1+, currently the 'ssl' module is compiled with 'LibreSSL 2.8.3'. See: https://github.com/urllib3/urllib3/issues/3020
  warnings.warn(
Refreshing association caches: ['project', 'event'] ...
  project: 381 records cached
  event: 233 records cached
/Users/naitikchavda/Event Auto push/smartlead-kit/wrapper/backend/.venv/lib/python3.9/site-packages/urllib3/__init__.py:35: NotOpenSSLWarning: urllib3 v2 only supports OpenSSL 1.1.1+, currently the 'ssl' module is compiled with 'LibreSSL 2.8.3'. See: https://github.com/urllib3/urllib3/issues/3020
  warnings.warn(
Refreshing association caches: ['project', 'event'] ...
  project: 381 records cached
  event: 233 records cached
/Users/naitikchavda/Event Auto push/smartlead-kit/wrapper/backend/.venv/lib/python3.9/site-packages/urllib3/__init__.py:35: NotOpenSSLWarning: urllib3 v2 only supports OpenSSL 1.1.1+, currently the 'ssl' module is compiled with 'LibreSSL 2.8.3'. See: https://github.com/urllib3/urllib3/issues/3020
  warnings.warn(
Refreshing association caches: ['project', 'event'] ...
  project: 381 records cached
  event: 233 records cached
/Users/naitikchavda/Event Auto push/smartlead-kit/wrapper/backend/.venv/lib/python3.9/site-packages/urllib3/__init__.py:35: NotOpenSSLWarning: urllib3 v2 only supports OpenSSL 1.1.1+, currently the 'ssl' module is compiled with 'LibreSSL 2.8.3'. See: https://github.com/urllib3/urllib3/issues/3020
  warnings.warn(
Refreshing association caches: ['project', 'event'] ...
  project: 381 records cached
  event: 233 records cached
/Users/naitikchavda/Event Auto push/smartlead-kit/wrapper/backend/.venv/lib/python3.9/site-packages/urllib3/__init__.py:35: NotOpenSSLWarning: urllib3 v2 only supports OpenSSL 1.1.1+, currently the 'ssl' module is compiled with 'LibreSSL 2.8.3'. See: https://github.com/urllib3/urllib3/issues/3020
  warnings.warn(
Refreshing association caches: ['project', 'event'] ...
  project: 382 records cached
  event: 233 records cached
/Users/naitikchavda/Event Auto push/smartlead-kit/wrapper/backend/.venv/lib/python3.9/site-packages/urllib3/__init__.py:35: NotOpenSSLWarning: urllib3 v2 only supports OpenSSL 1.1.1+, currently the 'ssl' module is compiled with 'LibreSSL 2.8.3'. See: https://github.com/urllib3/urllib3/issues/3020
  warnings.warn(
Refreshing association caches: ['project', 'event'] ...
  project: 382 records cached
  event: 233 records cached
/Users/naitikchavda/Event Auto push/smartlead-kit/wrapper/backend/.venv/lib/python3.9/site-packages/urllib3/__init__.py:35: NotOpenSSLWarning: urllib3 v2 only supports OpenSSL 1.1.1+, currently the 'ssl' module is compiled with 'LibreSSL 2.8.3'. See: https://github.com/urllib3/urllib3/issues/3020
  warnings.warn(
Refreshing association caches: ['project', 'event'] ...
  project: 382 records cached
  event: 233 records cached
/Users/naitikchavda/Event Auto push/smartlead-kit/wrapper/backend/.venv/lib/python3.9/site-packages/urllib3/__init__.py:35: NotOpenSSLWarning: urllib3 v2 only supports OpenSSL 1.1.1+, currently the 'ssl' module is compiled with 'LibreSSL 2.8.3'. See: https://github.com/urllib3/urllib3/issues/3020
  warnings.warn(
Refreshing association caches: ['project', 'event'] ...
  project: 382 records cached
  event: 232 records cached
/Users/naitikchavda/Event Auto push/smartlead-kit/wrapper/backend/.venv/lib/python3.9/site-packages/urllib3/__init__.py:35: NotOpenSSLWarning: urllib3 v2 only supports OpenSSL 1.1.1+, currently the 'ssl' module is compiled with 'LibreSSL 2.8.3'. See: https://github.com/urllib3/urllib3/issues/3020
  warnings.warn(
Refreshing association caches: ['project', 'event'] ...
  project: 382 records cached
  event: 232 records cached
/Users/naitikchavda/Event Auto push/smartlead-kit/wrapper/backend/.venv/lib/python3.9/site-packages/urllib3/__init__.py:35: NotOpenSSLWarning: urllib3 v2 only supports OpenSSL 1.1.1+, currently the 'ssl' module is compiled with 'LibreSSL 2.8.3'. See: https://github.com/urllib3/urllib3/issues/3020
  warnings.warn(
Refreshing association caches: ['project', 'event'] ...
  project: 383 records cached
  event: 232 records cached
/Users/naitikchavda/Event Auto push/smartlead-kit/wrapper/backend/.venv/lib/python3.9/site-packages/urllib3/__init__.py:35: NotOpenSSLWarning: urllib3 v2 only supports OpenSSL 1.1.1+, currently the 'ssl' module is compiled with 'LibreSSL 2.8.3'. See: https://github.com/urllib3/urllib3/issues/3020
  warnings.warn(
Refreshing association caches: ['project', 'event'] ...
  project: 383 records cached
  event: 232 records cached
/Users/naitikchavda/Event Auto push/smartlead-kit/wrapper/backend/.venv/lib/python3.9/site-packages/urllib3/__init__.py:35: NotOpenSSLWarning: urllib3 v2 only supports OpenSSL 1.1.1+, currently the 'ssl' module is compiled with 'LibreSSL 2.8.3'. See: https://github.com/urllib3/urllib3/issues/3020
  warnings.warn(
Refreshing association caches: ['project', 'event'] ...
  project: 383 records cached
  event: 232 records cached
/Users/naitikchavda/Event Auto push/smartlead-kit/wrapper/backend/.venv/lib/python3.9/site-packages/urllib3/__init__.py:35: NotOpenSSLWarning: urllib3 v2 only supports OpenSSL 1.1.1+, currently the 'ssl' module is compiled with 'LibreSSL 2.8.3'. See: https://github.com/urllib3/urllib3/issues/3020
  warnings.warn(
Refreshing association caches: ['project', 'event'] ...
  project: 383 records cached
  event: 232 records cached
/Users/naitikchavda/Event Auto push/smartlead-kit/wrapper/backend/.venv/lib/python3.9/site-packages/urllib3/__init__.py:35: NotOpenSSLWarning: urllib3 v2 only supports OpenSSL 1.1.1+, currently the 'ssl' module is compiled with 'LibreSSL 2.8.3'. See: https://github.com/urllib3/urllib3/issues/3020
  warnings.warn(
Refreshing association caches: ['project', 'event'] ...
  project: 383 records cached
  event: 232 records cached
/Users/naitikchavda/Event Auto push/smartlead-kit/wrapper/backend/.venv/lib/python3.9/site-packages/urllib3/__init__.py:35: NotOpenSSLWarning: urllib3 v2 only supports OpenSSL 1.1.1+, currently the 'ssl' module is compiled with 'LibreSSL 2.8.3'. See: https://github.com/urllib3/urllib3/issues/3020
  warnings.warn(
Refreshing association caches: ['project', 'event'] ...
  project: 383 records cached
  event: 232 records cached
/Users/naitikchavda/Event Auto push/smartlead-kit/wrapper/backend/.venv/lib/python3.9/site-packages/urllib3/__init__.py:35: NotOpenSSLWarning: urllib3 v2 only supports OpenSSL 1.1.1+, currently the 'ssl' module is compiled with 'LibreSSL 2.8.3'. See: https://github.com/urllib3/urllib3/issues/3020
  warnings.warn(
Refreshing association caches: ['project', 'event'] ...
  project: 383 records cached
  event: 232 records cached
/Users/naitikchavda/Event Auto push/smartlead-kit/wrapper/backend/.venv/lib/python3.9/site-packages/urllib3/__init__.py:35: NotOpenSSLWarning: urllib3 v2 only supports OpenSSL 1.1.1+, currently the 'ssl' module is compiled with 'LibreSSL 2.8.3'. See: https://github.com/urllib3/urllib3/issues/3020
  warnings.warn(
Traceback (most recent call last):
  File "/Users/naitikchavda/Event Auto push/smartlead-kit/wrapper/backend/.venv/lib/python3.9/site-packages/urllib3/connection.py", line 204, in _new_conn
    sock = connection.create_connection(
  File "/Users/naitikchavda/Event Auto push/smartlead-kit/wrapper/backend/.venv/lib/python3.9/site-packages/urllib3/util/connection.py", line 60, in create_connection
    for res in socket.getaddrinfo(host, port, family, socket.SOCK_STREAM):
  File "/Library/Developer/CommandLineTools/Library/Frameworks/Python3.framework/Versions/3.9/lib/python3.9/socket.py", line 953, in getaddrinfo
    for res in _socket.getaddrinfo(host, port, family, type, proto, flags):
socket.gaierror: [Errno 8] nodename nor servname provided, or not known

The above exception was the direct cause of the following exception:

Traceback (most recent call last):
  File "/Users/naitikchavda/Event Auto push/smartlead-kit/wrapper/backend/.venv/lib/python3.9/site-packages/urllib3/connectionpool.py", line 787, in urlopen
    response = self._make_request(
  File "/Users/naitikchavda/Event Auto push/smartlead-kit/wrapper/backend/.venv/lib/python3.9/site-packages/urllib3/connectionpool.py", line 488, in _make_request
    raise new_e
  File "/Users/naitikchavda/Event Auto push/smartlead-kit/wrapper/backend/.venv/lib/python3.9/site-packages/urllib3/connectionpool.py", line 464, in _make_request
    self._validate_conn(conn)
  File "/Users/naitikchavda/Event Auto push/smartlead-kit/wrapper/backend/.venv/lib/python3.9/site-packages/urllib3/connectionpool.py", line 1093, in _validate_conn
    conn.connect()
  File "/Users/naitikchavda/Event Auto push/smartlead-kit/wrapper/backend/.venv/lib/python3.9/site-packages/urllib3/connection.py", line 759, in connect
    self.sock = sock = self._new_conn()
  File "/Users/naitikchavda/Event Auto push/smartlead-kit/wrapper/backend/.venv/lib/python3.9/site-packages/urllib3/connection.py", line 211, in _new_conn
    raise NameResolutionError(self.host, self, e) from e
urllib3.exceptions.NameResolutionError: HTTPSConnection(host='api.hubapi.com', port=443): Failed to resolve 'api.hubapi.com' ([Errno 8] nodename nor servname provided, or not known)

The above exception was the direct cause of the following exception:

Traceback (most recent call last):
  File "/Users/naitikchavda/Event Auto push/smartlead-kit/wrapper/backend/.venv/lib/python3.9/site-packages/requests/adapters.py", line 667, in send
    resp = conn.urlopen(
  File "/Users/naitikchavda/Event Auto push/smartlead-kit/wrapper/backend/.venv/lib/python3.9/site-packages/urllib3/connectionpool.py", line 841, in urlopen
    retries = retries.increment(
  File "/Users/naitikchavda/Event Auto push/smartlead-kit/wrapper/backend/.venv/lib/python3.9/site-packages/urllib3/util/retry.py", line 535, in increment
    raise MaxRetryError(_pool, url, reason) from reason  # type: ignore[arg-type]
urllib3.exceptions.MaxRetryError: HTTPSConnectionPool(host='api.hubapi.com', port=443): Max retries exceeded with url: /crm/v3/objects/0-970/search (Caused by NameResolutionError("HTTPSConnection(host='api.hubapi.com', port=443): Failed to resolve 'api.hubapi.com' ([Errno 8] nodename nor servname provided, or not known)"))

During handling of the above exception, another exception occurred:

Traceback (most recent call last):
  File "/Library/Developer/CommandLineTools/Library/Frameworks/Python3.framework/Versions/3.9/lib/python3.9/runpy.py", line 197, in _run_module_as_main
    return _run_code(code, main_globals, None,
  File "/Library/Developer/CommandLineTools/Library/Frameworks/Python3.framework/Versions/3.9/lib/python3.9/runpy.py", line 87, in _run_code
    exec(code, run_globals)
  File "/Users/naitikchavda/Event Auto push/smartlead-kit/wrapper/backend/app/pipeline/association_resolve.py", line 177, in <module>
    counts = refresh_cache(kinds)
  File "/Users/naitikchavda/Event Auto push/smartlead-kit/wrapper/backend/app/pipeline/association_resolve.py", line 105, in refresh_cache
    recs = fetch_all_records(kind)
  File "/Users/naitikchavda/Event Auto push/smartlead-kit/wrapper/backend/app/pipeline/association_resolve.py", line 95, in fetch_all_records
    return _fetch(with_sort=True)
  File "/Users/naitikchavda/Event Auto push/smartlead-kit/wrapper/backend/app/pipeline/association_resolve.py", line 81, in _fetch
    r = requests.post(
  File "/Users/naitikchavda/Event Auto push/smartlead-kit/wrapper/backend/.venv/lib/python3.9/site-packages/requests/api.py", line 115, in post
    return request("post", url, data=data, json=json, **kwargs)
  File "/Users/naitikchavda/Event Auto push/smartlead-kit/wrapper/backend/.venv/lib/python3.9/site-packages/requests/api.py", line 59, in request
    return session.request(method=method, url=url, **kwargs)
  File "/Users/naitikchavda/Event Auto push/smartlead-kit/wrapper/backend/.venv/lib/python3.9/site-packages/requests/sessions.py", line 589, in request
    resp = self.send(prep, **send_kwargs)
  File "/Users/naitikchavda/Event Auto push/smartlead-kit/wrapper/backend/.venv/lib/python3.9/site-packages/requests/sessions.py", line 703, in send
    r = adapter.send(request, **kwargs)
  File "/Users/naitikchavda/Event Auto push/smartlead-kit/wrapper/backend/.venv/lib/python3.9/site-packages/requests/adapters.py", line 700, in send
    raise ConnectionError(e, request=request)
requests.exceptions.ConnectionError: HTTPSConnectionPool(host='api.hubapi.com', port=443): Max retries exceeded with url: /crm/v3/objects/0-970/search (Caused by NameResolutionError("HTTPSConnection(host='api.hubapi.com', port=443): Failed to resolve 'api.hubapi.com' ([Errno 8] nodename nor servname provided, or not known)"))
Refreshing association caches: ['project', 'event'] ...
/Users/naitikchavda/Event Auto push/smartlead-kit/wrapper/backend/.venv/lib/python3.9/site-packages/urllib3/__init__.py:35: NotOpenSSLWarning: urllib3 v2 only supports OpenSSL 1.1.1+, currently the 'ssl' module is compiled with 'LibreSSL 2.8.3'. See: https://github.com/urllib3/urllib3/issues/3020
  warnings.warn(
Traceback (most recent call last):
  File "/Users/naitikchavda/Event Auto push/smartlead-kit/wrapper/backend/.venv/lib/python3.9/site-packages/urllib3/connection.py", line 204, in _new_conn
    sock = connection.create_connection(
  File "/Users/naitikchavda/Event Auto push/smartlead-kit/wrapper/backend/.venv/lib/python3.9/site-packages/urllib3/util/connection.py", line 60, in create_connection
    for res in socket.getaddrinfo(host, port, family, socket.SOCK_STREAM):
  File "/Library/Developer/CommandLineTools/Library/Frameworks/Python3.framework/Versions/3.9/lib/python3.9/socket.py", line 953, in getaddrinfo
    for res in _socket.getaddrinfo(host, port, family, type, proto, flags):
socket.gaierror: [Errno 8] nodename nor servname provided, or not known

The above exception was the direct cause of the following exception:

Traceback (most recent call last):
  File "/Users/naitikchavda/Event Auto push/smartlead-kit/wrapper/backend/.venv/lib/python3.9/site-packages/urllib3/connectionpool.py", line 787, in urlopen
    response = self._make_request(
  File "/Users/naitikchavda/Event Auto push/smartlead-kit/wrapper/backend/.venv/lib/python3.9/site-packages/urllib3/connectionpool.py", line 488, in _make_request
    raise new_e
  File "/Users/naitikchavda/Event Auto push/smartlead-kit/wrapper/backend/.venv/lib/python3.9/site-packages/urllib3/connectionpool.py", line 464, in _make_request
    self._validate_conn(conn)
  File "/Users/naitikchavda/Event Auto push/smartlead-kit/wrapper/backend/.venv/lib/python3.9/site-packages/urllib3/connectionpool.py", line 1093, in _validate_conn
    conn.connect()
  File "/Users/naitikchavda/Event Auto push/smartlead-kit/wrapper/backend/.venv/lib/python3.9/site-packages/urllib3/connection.py", line 759, in connect
    self.sock = sock = self._new_conn()
  File "/Users/naitikchavda/Event Auto push/smartlead-kit/wrapper/backend/.venv/lib/python3.9/site-packages/urllib3/connection.py", line 211, in _new_conn
    raise NameResolutionError(self.host, self, e) from e
urllib3.exceptions.NameResolutionError: HTTPSConnection(host='api.hubapi.com', port=443): Failed to resolve 'api.hubapi.com' ([Errno 8] nodename nor servname provided, or not known)

The above exception was the direct cause of the following exception:

Traceback (most recent call last):
  File "/Users/naitikchavda/Event Auto push/smartlead-kit/wrapper/backend/.venv/lib/python3.9/site-packages/requests/adapters.py", line 667, in send
    resp = conn.urlopen(
  File "/Users/naitikchavda/Event Auto push/smartlead-kit/wrapper/backend/.venv/lib/python3.9/site-packages/urllib3/connectionpool.py", line 841, in urlopen
    retries = retries.increment(
  File "/Users/naitikchavda/Event Auto push/smartlead-kit/wrapper/backend/.venv/lib/python3.9/site-packages/urllib3/util/retry.py", line 535, in increment
    raise MaxRetryError(_pool, url, reason) from reason  # type: ignore[arg-type]
urllib3.exceptions.MaxRetryError: HTTPSConnectionPool(host='api.hubapi.com', port=443): Max retries exceeded with url: /crm/v3/objects/0-970/search (Caused by NameResolutionError("HTTPSConnection(host='api.hubapi.com', port=443): Failed to resolve 'api.hubapi.com' ([Errno 8] nodename nor servname provided, or not known)"))

During handling of the above exception, another exception occurred:

Traceback (most recent call last):
  File "/Library/Developer/CommandLineTools/Library/Frameworks/Python3.framework/Versions/3.9/lib/python3.9/runpy.py", line 197, in _run_module_as_main
    return _run_code(code, main_globals, None,
  File "/Library/Developer/CommandLineTools/Library/Frameworks/Python3.framework/Versions/3.9/lib/python3.9/runpy.py", line 87, in _run_code
    exec(code, run_globals)
  File "/Users/naitikchavda/Event Auto push/smartlead-kit/wrapper/backend/app/pipeline/association_resolve.py", line 177, in <module>
    counts = refresh_cache(kinds)
  File "/Users/naitikchavda/Event Auto push/smartlead-kit/wrapper/backend/app/pipeline/association_resolve.py", line 105, in refresh_cache
    recs = fetch_all_records(kind)
  File "/Users/naitikchavda/Event Auto push/smartlead-kit/wrapper/backend/app/pipeline/association_resolve.py", line 95, in fetch_all_records
    return _fetch(with_sort=True)
  File "/Users/naitikchavda/Event Auto push/smartlead-kit/wrapper/backend/app/pipeline/association_resolve.py", line 81, in _fetch
    r = requests.post(
  File "/Users/naitikchavda/Event Auto push/smartlead-kit/wrapper/backend/.venv/lib/python3.9/site-packages/requests/api.py", line 115, in post
    return request("post", url, data=data, json=json, **kwargs)
  File "/Users/naitikchavda/Event Auto push/smartlead-kit/wrapper/backend/.venv/lib/python3.9/site-packages/requests/api.py", line 59, in request
    return session.request(method=method, url=url, **kwargs)
  File "/Users/naitikchavda/Event Auto push/smartlead-kit/wrapper/backend/.venv/lib/python3.9/site-packages/requests/sessions.py", line 589, in request
    resp = self.send(prep, **send_kwargs)
  File "/Users/naitikchavda/Event Auto push/smartlead-kit/wrapper/backend/.venv/lib/python3.9/site-packages/requests/sessions.py", line 703, in send
    r = adapter.send(request, **kwargs)
  File "/Users/naitikchavda/Event Auto push/smartlead-kit/wrapper/backend/.venv/lib/python3.9/site-packages/requests/adapters.py", line 700, in send
    raise ConnectionError(e, request=request)
requests.exceptions.ConnectionError: HTTPSConnectionPool(host='api.hubapi.com', port=443): Max retries exceeded with url: /crm/v3/objects/0-970/search (Caused by NameResolutionError("HTTPSConnection(host='api.hubapi.com', port=443): Failed to resolve 'api.hubapi.com' ([Errno 8] nodename nor servname provided, or not known)"))
Refreshing association caches: ['project', 'event'] ...
/Users/naitikchavda/Event Auto push/smartlead-kit/wrapper/backend/.venv/lib/python3.9/site-packages/urllib3/__init__.py:35: NotOpenSSLWarning: urllib3 v2 only supports OpenSSL 1.1.1+, currently the 'ssl' module is compiled with 'LibreSSL 2.8.3'. See: https://github.com/urllib3/urllib3/issues/3020
  warnings.warn(
Refreshing association caches: ['project', 'event'] ...
  project: 383 records cached
  event: 232 records cached
/Users/naitikchavda/Event Auto push/smartlead-kit/wrapper/backend/.venv/lib/python3.9/site-packages/urllib3/__init__.py:35: NotOpenSSLWarning: urllib3 v2 only supports OpenSSL 1.1.1+, currently the 'ssl' module is compiled with 'LibreSSL 2.8.3'. See: https://github.com/urllib3/urllib3/issues/3020
  warnings.warn(
Refreshing association caches: ['project', 'event'] ...
  project: 384 records cached
  event: 232 records cached
/Users/naitikchavda/Event Auto push/smartlead-kit/wrapper/backend/.venv/lib/python3.9/site-packages/urllib3/__init__.py:35: NotOpenSSLWarning: urllib3 v2 only supports OpenSSL 1.1.1+, currently the 'ssl' module is compiled with 'LibreSSL 2.8.3'. See: https://github.com/urllib3/urllib3/issues/3020
  warnings.warn(
Refreshing association caches: ['project', 'event'] ...
  project: 384 records cached
  event: 232 records cached
/Users/naitikchavda/Event Auto push/smartlead-kit/wrapper/backend/.venv/lib/python3.9/site-packages/urllib3/__init__.py:35: NotOpenSSLWarning: urllib3 v2 only supports OpenSSL 1.1.1+, currently the 'ssl' module is compiled with 'LibreSSL 2.8.3'. See: https://github.com/urllib3/urllib3/issues/3020
  warnings.warn(
Refreshing association caches: ['project', 'event'] ...
  project: 384 records cached
  event: 232 records cached
/Users/naitikchavda/Event Auto push/smartlead-kit/wrapper/backend/.venv/lib/python3.9/site-packages/urllib3/__init__.py:35: NotOpenSSLWarning: urllib3 v2 only supports OpenSSL 1.1.1+, currently the 'ssl' module is compiled with 'LibreSSL 2.8.3'. See: https://github.com/urllib3/urllib3/issues/3020
  warnings.warn(
Refreshing association caches: ['project', 'event'] ...
  project: 384 records cached
  event: 232 records cached
/Users/naitikchavda/Event Auto push/smartlead-kit/wrapper/backend/.venv/lib/python3.9/site-packages/urllib3/__init__.py:35: NotOpenSSLWarning: urllib3 v2 only supports OpenSSL 1.1.1+, currently the 'ssl' module is compiled with 'LibreSSL 2.8.3'. See: https://github.com/urllib3/urllib3/issues/3020
  warnings.warn(
Refreshing association caches: ['project', 'event'] ...
  project: 384 records cached
  event: 232 records cached
/Users/naitikchavda/Event Auto push/smartlead-kit/wrapper/backend/.venv/lib/python3.9/site-packages/urllib3/__init__.py:35: NotOpenSSLWarning: urllib3 v2 only supports OpenSSL 1.1.1+, currently the 'ssl' module is compiled with 'LibreSSL 2.8.3'. See: https://github.com/urllib3/urllib3/issues/3020
  warnings.warn(
Refreshing association caches: ['project', 'event'] ...
  project: 384 records cached
  event: 232 records cached
